Archive member included to satisfy reference by file (symbol)

c:/intelfpga_lite/16.1/nios2eds/bin/gnu/h-x86_64-mingw32/bin/../lib/gcc/nios2-elf/5.3.0/../../../../../H-x86_64-mingw32/nios2-elf/lib/mno-hw-mul/fstack-limit-register-et\libm.a(lib_a-s_ceil.o)
                              obj/default/fsw_lib.o (ceil)
c:/intelfpga_lite/16.1/nios2eds/bin/gnu/h-x86_64-mingw32/bin/../lib/gcc/nios2-elf/5.3.0/../../../../../H-x86_64-mingw32/nios2-elf/lib/mno-hw-mul/fstack-limit-register-et\libm.a(lib_a-s_cos.o)
                              obj/default/fsw_lib.o (cos)
c:/intelfpga_lite/16.1/nios2eds/bin/gnu/h-x86_64-mingw32/bin/../lib/gcc/nios2-elf/5.3.0/../../../../../H-x86_64-mingw32/nios2-elf/lib/mno-hw-mul/fstack-limit-register-et\libm.a(lib_a-s_floor.o)
                              obj/default/fsw_lib.o (floor)
c:/intelfpga_lite/16.1/nios2eds/bin/gnu/h-x86_64-mingw32/bin/../lib/gcc/nios2-elf/5.3.0/../../../../../H-x86_64-mingw32/nios2-elf/lib/mno-hw-mul/fstack-limit-register-et\libm.a(lib_a-s_sin.o)
                              obj/default/fsw_lib.o (sin)
c:/intelfpga_lite/16.1/nios2eds/bin/gnu/h-x86_64-mingw32/bin/../lib/gcc/nios2-elf/5.3.0/../../../../../H-x86_64-mingw32/nios2-elf/lib/mno-hw-mul/fstack-limit-register-et\libm.a(lib_a-w_acos.o)
                              obj/default/fsw_lib.o (acos)
c:/intelfpga_lite/16.1/nios2eds/bin/gnu/h-x86_64-mingw32/bin/../lib/gcc/nios2-elf/5.3.0/../../../../../H-x86_64-mingw32/nios2-elf/lib/mno-hw-mul/fstack-limit-register-et\libm.a(lib_a-w_atan2.o)
                              obj/default/fsw_lib.o (atan2)
c:/intelfpga_lite/16.1/nios2eds/bin/gnu/h-x86_64-mingw32/bin/../lib/gcc/nios2-elf/5.3.0/../../../../../H-x86_64-mingw32/nios2-elf/lib/mno-hw-mul/fstack-limit-register-et\libm.a(lib_a-w_fmod.o)
                              obj/default/fsw_lib.o (fmod)
c:/intelfpga_lite/16.1/nios2eds/bin/gnu/h-x86_64-mingw32/bin/../lib/gcc/nios2-elf/5.3.0/../../../../../H-x86_64-mingw32/nios2-elf/lib/mno-hw-mul/fstack-limit-register-et\libm.a(lib_a-w_pow.o)
                              obj/default/fsw_lib.o (pow)
c:/intelfpga_lite/16.1/nios2eds/bin/gnu/h-x86_64-mingw32/bin/../lib/gcc/nios2-elf/5.3.0/../../../../../H-x86_64-mingw32/nios2-elf/lib/mno-hw-mul/fstack-limit-register-et\libm.a(lib_a-w_sqrt.o)
                              obj/default/fsw_lib.o (sqrt)
c:/intelfpga_lite/16.1/nios2eds/bin/gnu/h-x86_64-mingw32/bin/../lib/gcc/nios2-elf/5.3.0/../../../../../H-x86_64-mingw32/nios2-elf/lib/mno-hw-mul/fstack-limit-register-et\libm.a(lib_a-e_acos.o)
                              c:/intelfpga_lite/16.1/nios2eds/bin/gnu/h-x86_64-mingw32/bin/../lib/gcc/nios2-elf/5.3.0/../../../../../H-x86_64-mingw32/nios2-elf/lib/mno-hw-mul/fstack-limit-register-et\libm.a(lib_a-w_acos.o) (__ieee754_acos)
c:/intelfpga_lite/16.1/nios2eds/bin/gnu/h-x86_64-mingw32/bin/../lib/gcc/nios2-elf/5.3.0/../../../../../H-x86_64-mingw32/nios2-elf/lib/mno-hw-mul/fstack-limit-register-et\libm.a(lib_a-e_atan2.o)
                              c:/intelfpga_lite/16.1/nios2eds/bin/gnu/h-x86_64-mingw32/bin/../lib/gcc/nios2-elf/5.3.0/../../../../../H-x86_64-mingw32/nios2-elf/lib/mno-hw-mul/fstack-limit-register-et\libm.a(lib_a-w_atan2.o) (__ieee754_atan2)
c:/intelfpga_lite/16.1/nios2eds/bin/gnu/h-x86_64-mingw32/bin/../lib/gcc/nios2-elf/5.3.0/../../../../../H-x86_64-mingw32/nios2-elf/lib/mno-hw-mul/fstack-limit-register-et\libm.a(lib_a-e_fmod.o)
                              c:/intelfpga_lite/16.1/nios2eds/bin/gnu/h-x86_64-mingw32/bin/../lib/gcc/nios2-elf/5.3.0/../../../../../H-x86_64-mingw32/nios2-elf/lib/mno-hw-mul/fstack-limit-register-et\libm.a(lib_a-w_fmod.o) (__ieee754_fmod)
c:/intelfpga_lite/16.1/nios2eds/bin/gnu/h-x86_64-mingw32/bin/../lib/gcc/nios2-elf/5.3.0/../../../../../H-x86_64-mingw32/nios2-elf/lib/mno-hw-mul/fstack-limit-register-et\libm.a(lib_a-e_pow.o)
                              c:/intelfpga_lite/16.1/nios2eds/bin/gnu/h-x86_64-mingw32/bin/../lib/gcc/nios2-elf/5.3.0/../../../../../H-x86_64-mingw32/nios2-elf/lib/mno-hw-mul/fstack-limit-register-et\libm.a(lib_a-w_pow.o) (__ieee754_pow)
c:/intelfpga_lite/16.1/nios2eds/bin/gnu/h-x86_64-mingw32/bin/../lib/gcc/nios2-elf/5.3.0/../../../../../H-x86_64-mingw32/nios2-elf/lib/mno-hw-mul/fstack-limit-register-et\libm.a(lib_a-e_rem_pio2.o)
                              c:/intelfpga_lite/16.1/nios2eds/bin/gnu/h-x86_64-mingw32/bin/../lib/gcc/nios2-elf/5.3.0/../../../../../H-x86_64-mingw32/nios2-elf/lib/mno-hw-mul/fstack-limit-register-et\libm.a(lib_a-s_cos.o) (__ieee754_rem_pio2)
c:/intelfpga_lite/16.1/nios2eds/bin/gnu/h-x86_64-mingw32/bin/../lib/gcc/nios2-elf/5.3.0/../../../../../H-x86_64-mingw32/nios2-elf/lib/mno-hw-mul/fstack-limit-register-et\libm.a(lib_a-e_sqrt.o)
                              c:/intelfpga_lite/16.1/nios2eds/bin/gnu/h-x86_64-mingw32/bin/../lib/gcc/nios2-elf/5.3.0/../../../../../H-x86_64-mingw32/nios2-elf/lib/mno-hw-mul/fstack-limit-register-et\libm.a(lib_a-w_sqrt.o) (__ieee754_sqrt)
[...]
Memory Configuration

Name             Origin             Length             Attributes
reset            0x0000000000040000 0x0000000000000020
onchip_memory2_0 0x0000000000040020 0x000000000002bfe0
*default*        0x0000000000000000 0xffffffffffffffff

Linker script and memory map

LOAD ../NIOS_2_bsp//obj/HAL/src/crt0.o
LOAD obj/default/ert_main.o
LOAD obj/default/fsw_lib.o
LOAD obj/default/fsw_lib_data.o
LOAD c:/intelfpga_lite/16.1/nios2eds/bin/gnu/h-x86_64-mingw32/bin/../lib/gcc/nios2-elf/5.3.0/../../../../../H-x86_64-mingw32/nios2-elf/lib/mno-hw-mul/fstack-limit-register-et\libstdc++.a
LOAD c:/intelfpga_lite/16.1/nios2eds/bin/gnu/h-x86_64-mingw32/bin/../lib/gcc/nios2-elf/5.3.0/../../../../../H-x86_64-mingw32/nios2-elf/lib/mno-hw-mul/fstack-limit-register-et\libm.a
LOAD c:/intelfpga_lite/16.1/nios2eds/bin/gnu/h-x86_64-mingw32/bin/../lib/gcc/nios2-elf/5.3.0/mno-hw-mul/fstack-limit-register-et\libgcc.a
START GROUP
LOAD c:/intelfpga_lite/16.1/nios2eds/bin/gnu/h-x86_64-mingw32/bin/../lib/gcc/nios2-elf/5.3.0/../../../../../H-x86_64-mingw32/nios2-elf/lib/mno-hw-mul/fstack-limit-register-et\libc.a
LOAD c:/intelfpga_lite/16.1/nios2eds/bin/gnu/h-x86_64-mingw32/bin/../lib/gcc/nios2-elf/5.3.0/mno-hw-mul/fstack-limit-register-et\libgcc.a
LOAD ../NIOS_2_bsp/\libhal_bsp.a
LOAD c:/intelfpga_lite/16.1/nios2eds/bin/gnu/h-x86_64-mingw32/bin/../lib/gcc/nios2-elf/5.3.0/../../../../../H-x86_64-mingw32/nios2-elf/lib/mno-hw-mul/fstack-limit-register-et\libm.a
END GROUP
LOAD c:/intelfpga_lite/16.1/nios2eds/bin/gnu/h-x86_64-mingw32/bin/../lib/gcc/nios2-elf/5.3.0/mno-hw-mul/fstack-limit-register-et\libgcc.a
                0x0000000000040000                __alt_mem_onchip_memory2_0 = 0x40000

.entry          0x0000000000040000       0x20
 *(.entry)
 .entry         0x0000000000040000       0x20 ../NIOS_2_bsp//obj/HAL/src/crt0.o
                0x0000000000040000                __reset

.exceptions     0x0000000000040020      0x170
                0x0000000000040020                PROVIDE (__ram_exceptions_start, ABSOLUTE (.))
                0x0000000000040020                . = ALIGN (0x20)
 *(.irq)
 *(.exceptions.entry.label)
 .exceptions.entry.label
                0x0000000000040020        0x0 ../NIOS_2_bsp/\libhal_bsp.a(alt_irq_entry.o)
                0x0000000000040020                alt_irq_entry
 .exceptions.entry.label
                0x0000000000040020        0x0 ../NIOS_2_bsp/\libhal_bsp.a(alt_exception_entry.o)
                0x0000000000040020                alt_exception
 *(.exceptions.entry.user)
 *(.exceptions.entry.ecc_fatal)
 *(.exceptions.entry)
 .exceptions.entry
                0x0000000000040020       0x58 ../NIOS_2_bsp/\libhal_bsp.a(alt_exception_entry.o)
 *(.exceptions.irqtest.user)
 *(.exceptions.irqtest)
 .exceptions.irqtest
                0x0000000000040078       0x10 ../NIOS_2_bsp/\libhal_bsp.a(alt_irq_entry.o)
 *(.exceptions.irqhandler.user)
 *(.exceptions.irqhandler)
 .exceptions.irqhandler
                0x0000000000040088        0x4 ../NIOS_2_bsp/\libhal_bsp.a(alt_irq_entry.o)
 *(.exceptions.irqreturn.user)
 *(.exceptions.irqreturn)
 .exceptions.irqreturn
                0x000000000004008c        0x4 ../NIOS_2_bsp/\libhal_bsp.a(alt_irq_entry.o)
 *(.exceptions.notirq.label)
 .exceptions.notirq.label
                0x0000000000040090        0x0 ../NIOS_2_bsp/\libhal_bsp.a(alt_irq_entry.o)
 *(.exceptions.notirq.user)
 *(.exceptions.notirq)
 .exceptions.notirq
                0x0000000000040090        0x8 ../NIOS_2_bsp/\libhal_bsp.a(alt_exception_entry.o)
 *(.exceptions.soft.user)
 *(.exceptions.soft)
 *(.exceptions.unknown.user)
 *(.exceptions.unknown)
 .exceptions.unknown
                0x0000000000040098       0x14 ../NIOS_2_bsp/\libhal_bsp.a(alt_exception_entry.o)
 *(.exceptions.exit.label)
 .exceptions.exit.label
                0x00000000000400ac        0x0 ../NIOS_2_bsp/\libhal_bsp.a(alt_irq_entry.o)
 .exceptions.exit.label
                0x00000000000400ac        0x0 ../NIOS_2_bsp/\libhal_bsp.a(alt_exception_entry.o)
 *(.exceptions.exit.user)
 *(.exceptions.exit)
 .exceptions.exit
                0x00000000000400ac       0x58 ../NIOS_2_bsp/\libhal_bsp.a(alt_exception_entry.o)
 *(.exceptions)
 .exceptions    0x0000000000040104       0x68 ../NIOS_2_bsp/\libhal_bsp.a(alt_irq_handler.o)
                0x0000000000040104                alt_irq_handler
 .exceptions    0x000000000004016c       0x24 ../NIOS_2_bsp/\libhal_bsp.a(alt_instruction_exception_entry.o)
                0x000000000004016c                alt_instruction_exception_entry
                0x0000000000040190                PROVIDE (__ram_exceptions_end, ABSOLUTE (.))
                0x0000000000040020                PROVIDE (__flash_exceptions_start, LOADADDR (.exceptions))

.text           0x0000000000040190    0x24e00
                [!provide]                        PROVIDE (stext, ABSOLUTE (.))
 *(.interp)
 *(.hash)
 *(.dynsym)
 *(.dynstr)
 *(.gnu.version)
 *(.gnu.version_d)
 *(.gnu.version_r)
 *(.rel.init)
 *(.rela.init)
 *(.rel.text .rel.text.* .rel.gnu.linkonce.t.*)
 *(.rela.text .rela.text.* .rela.gnu.linkonce.t.*)
 *(.rel.fini)
 *(.rela.fini)
 *(.rel.rodata .rel.rodata.* .rel.gnu.linkonce.r.*)
 *(.rela.rodata .rela.rodata.* .rela.gnu.linkonce.r.*)
 *(.rel.data .rel.data.* .rel.gnu.linkonce.d.*)
 *(.rela.data .rela.data.* .rela.gnu.linkonce.d.*)
 *(.rel.tdata .rel.tdata.* .rel.gnu.linkonce.td.*)
 *(.rela.tdata .rela.tdata.* .rela.gnu.linkonce.td.*)
 *(.rel.tbss .rel.tbss.* .rel.gnu.linkonce.tb.*)
 *(.rela.tbss .rela.tbss.* .rela.gnu.linkonce.tb.*)
 *(.rel.ctors)
 *(.rela.ctors)
 *(.rel.dtors)
 *(.rela.dtors)
 *(.rel.got)
 *(.rela.got)
 *(.rel.sdata .rel.sdata.* .rel.gnu.linkonce.s.*)
 *(.rela.sdata .rela.sdata.* .rela.gnu.linkonce.s.*)
 *(.rel.sbss .rel.sbss.* .rel.gnu.linkonce.sb.*)
 *(.rela.sbss .rela.sbss.* .rela.gnu.linkonce.sb.*)
 *(.rel.sdata2 .rel.sdata2.* .rel.gnu.linkonce.s2.*)
 *(.rela.sdata2 .rela.sdata2.* .rela.gnu.linkonce.s2.*)
 *(.rel.sbss2 .rel.sbss2.* .rel.gnu.linkonce.sb2.*)
 *(.rela.sbss2 .rela.sbss2.* .rela.gnu.linkonce.sb2.*)
 *(.rel.bss .rel.bss.* .rel.gnu.linkonce.b.*)
 *(.rela.bss .rela.bss.* .rela.gnu.linkonce.b.*)
 *(.rel.plt)
 *(.rela.plt)
 *(.rel.dyn)
 *(.init)
 *(.plt)
 *(.text .stub .text.* .gnu.linkonce.t.*)
 .text          0x0000000000040190       0x44 ../NIOS_2_bsp//obj/HAL/src/crt0.o
                0x0000000000040190                _start
 .text          0x00000000000401d4      0x1a8 obj/default/ert_main.o
                0x00000000000401d4                rt_OneStep
 .text.startup  0x000000000004037c       0xe4 obj/default/ert_main.o
                0x000000000004037c                main
 .text          0x0000000000040460    0x10c04 obj/default/fsw_lib.o
                0x00000000000406e0                rtGetInf
                0x00000000000406ec                rtGetInfF
                0x00000000000406f4                rtGetMinusInf
                0x0000000000040700                rtGetMinusInfF
                0x0000000000040708                rtGetNaN
                0x0000000000040714                rtGetNaNF
                0x000000000004071c                rt_InitInfAndNaN
                0x000000000004076c                rtIsInf
                0x00000000000407dc                rtIsInfF
                0x0000000000040830                rtIsNaN
                0x000000000004086c                rtIsNaNF
                0x00000000000408a4                rt_roundd_snf
                0x000000000004099c                rt_remd_snf
                0x0000000000040b84                rt_powd_snf
                0x0000000000040e0c                rt_atan2d_snf
                0x0000000000040fbc                rt_invd3x3_snf
                0x0000000000041738                fsw_lib_step0
                0x0000000000041b5c                fsw_lib_step1
                0x0000000000041bc8                fsw_lib_step2
                0x0000000000050f7c                fsw_lib_step3
                0x0000000000050fcc                fsw_lib_initialize
                0x0000000000051060                fsw_lib_terminate
 .text          0x0000000000051064        0x0 obj/default/fsw_lib_data.o
 .text          0x0000000000051064        0x0 c:/intelfpga_lite/16.1/nios2eds/bin/gnu/h-x86_64-mingw32/bin/../lib/gcc/nios2-elf/5.3.0/../../../../../H-x86_64-mingw32/nios2-elf/lib/mno-hw-mul/fstack-limit-register-et\libm.a(lib_a-s_ceil.o)
 .text.ceil     0x0000000000051064      0x1e8 c:/intelfpga_lite/16.1/nios2eds/bin/gnu/h-x86_64-mingw32/bin/../lib/gcc/nios2-elf/5.3.0/../../../../../H-x86_64-mingw32/nios2-elf/lib/mno-hw-mul/fstack-limit-register-et\libm.a(lib_a-s_ceil.o)
                0x0000000000051064                ceil
 .text          0x000000000005124c        0x0 c:/intelfpga_lite/16.1/nios2eds/bin/gnu/h-x86_64-mingw32/bin/../lib/gcc/nios2-elf/5.3.0/../../../../../H-x86_64-mingw32/nios2-elf/lib/mno-hw-mul/fstack-limit-register-et\libm.a(lib_a-s_cos.o)
 .text.cos      0x000000000005124c       0xf4 c:/intelfpga_lite/16.1/nios2eds/bin/gnu/h-x86_64-mingw32/bin/../lib/gcc/nios2-elf/5.3.0/../../../../../H-x86_64-mingw32/nios2-elf/lib/mno-hw-mul/fstack-limit-register-et\libm.a(lib_a-s_cos.o)
                0x000000000005124c                cos
 .text          0x0000000000051340        0x0 c:/intelfpga_lite/16.1/nios2eds/bin/gnu/h-x86_64-mingw32/bin/../lib/gcc/nios2-elf/5.3.0/../../../../../H-x86_64-mingw32/nios2-elf/lib/mno-hw-mul/fstack-limit-register-et\libm.a(lib_a-s_floor.o)
 .text.floor    0x0000000000051340      0x1f4 c:/intelfpga_lite/16.1/nios2eds/bin/gnu/h-x86_64-mingw32/bin/../lib/gcc/nios2-elf/5.3.0/../../../../../H-x86_64-mingw32/nios2-elf/lib/mno-hw-mul/fstack-limit-register-et\libm.a(lib_a-s_floor.o)
                0x0000000000051340                floor
 .text          0x0000000000051534        0x0 c:/intelfpga_lite/16.1/nios2eds/bin/gnu/h-x86_64-mingw32/bin/../lib/gcc/nios2-elf/5.3.0/../../../../../H-x86_64-mingw32/nios2-elf/lib/mno-hw-mul/fstack-limit-register-et\libm.a(lib_a-s_sin.o)
 .text.sin      0x0000000000051534       0xf8 c:/intelfpga_lite/16.1/nios2eds/bin/gnu/h-x86_64-mingw32/bin/../lib/gcc/nios2-elf/5.3.0/../../../../../H-x86_64-mingw32/nios2-elf/lib/mno-hw-mul/fstack-limit-register-et\libm.a(lib_a-s_sin.o)
                0x0000000000051534                sin
 .text          0x000000000005162c        0x0 c:/intelfpga_lite/16.1/nios2eds/bin/gnu/h-x86_64-mingw32/bin/../lib/gcc/nios2-elf/5.3.0/../../../../../H-x86_64-mingw32/nios2-elf/lib/mno-hw-mul/fstack-limit-register-et\libm.a(lib_a-w_acos.o)
 .text.acos     0x000000000005162c      0x130 c:/intelfpga_lite/16.1/nios2eds/bin/gnu/h-x86_64-mingw32/bin/../lib/gcc/nios2-elf/5.3.0/../../../../../H-x86_64-mingw32/nios2-elf/lib/mno-hw-mul/fstack-limit-register-et\libm.a(lib_a-w_acos.o)
                0x000000000005162c                acos
 .text          0x000000000005175c        0x0 c:/intelfpga_lite/16.1/nios2eds/bin/gnu/h-x86_64-mingw32/bin/../lib/gcc/nios2-elf/5.3.0/../../../../../H-x86_64-mingw32/nios2-elf/lib/mno-hw-mul/fstack-limit-register-et\libm.a(lib_a-w_atan2.o)
 .text.atan2    0x000000000005175c        0x4 c:/intelfpga_lite/16.1/nios2eds/bin/gnu/h-x86_64-mingw32/bin/../lib/gcc/nios2-elf/5.3.0/../../../../../H-x86_64-mingw32/nios2-elf/lib/mno-hw-mul/fstack-limit-register-et\libm.a(lib_a-w_atan2.o)
                0x000000000005175c                atan2
 .text          0x0000000000051760        0x0 c:/intelfpga_lite/16.1/nios2eds/bin/gnu/h-x86_64-mingw32/bin/../lib/gcc/nios2-elf/5.3.0/../../../../../H-x86_64-mingw32/nios2-elf/lib/mno-hw-mul/fstack-limit-register-et\libm.a(lib_a-w_fmod.o)
 .text.fmod     0x0000000000051760      0x160 c:/intelfpga_lite/16.1/nios2eds/bin/gnu/h-x86_64-mingw32/bin/../lib/gcc/nios2-elf/5.3.0/../../../../../H-x86_64-mingw32/nios2-elf/lib/mno-hw-mul/fstack-limit-register-et\libm.a(lib_a-w_fmod.o)
                0x0000000000051760                fmod
 .text          0x00000000000518c0        0x0 c:/intelfpga_lite/16.1/nios2eds/bin/gnu/h-x86_64-mingw32/bin/../lib/gcc/nios2-elf/5.3.0/../../../../../H-x86_64-mingw32/nios2-elf/lib/mno-hw-mul/fstack-limit-register-et\libm.a(lib_a-w_pow.o)
 .text.pow      0x00000000000518c0      0x4cc c:/intelfpga_lite/16.1/nios2eds/bin/gnu/h-x86_64-mingw32/bin/../lib/gcc/nios2-elf/5.3.0/../../../../../H-x86_64-mingw32/nios2-elf/lib/mno-hw-mul/fstack-limit-register-et\libm.a(lib_a-w_pow.o)
                0x00000000000518c0                pow
 .text          0x0000000000051d8c        0x0 c:/intelfpga_lite/16.1/nios2eds/bin/gnu/h-x86_64-mingw32/bin/../lib/gcc/nios2-elf/5.3.0/../../../../../H-x86_64-mingw32/nios2-elf/lib/mno-hw-mul/fstack-limit-register-et\libm.a(lib_a-w_sqrt.o)
 .text.sqrt     0x0000000000051d8c      0x138 c:/intelfpga_lite/16.1/nios2eds/bin/gnu/h-x86_64-mingw32/bin/../lib/gcc/nios2-elf/5.3.0/../../../../../H-x86_64-mingw32/nios2-elf/lib/mno-hw-mul/fstack-limit-register-et\libm.a(lib_a-w_sqrt.o)
                0x0000000000051d8c                sqrt
 .text          0x0000000000051ec4        0x0 c:/intelfpga_lite/16.1/nios2eds/bin/gnu/h-x86_64-mingw32/bin/../lib/gcc/nios2-elf/5.3.0/../../../../../H-x86_64-mingw32/nios2-elf/lib/mno-hw-mul/fstack-limit-register-et\libm.a(lib_a-e_acos.o)
 .text.__ieee754_acos
                0x0000000000051ec4      0x8c8 c:/intelfpga_lite/16.1/nios2eds/bin/gnu/h-x86_64-mingw32/bin/../lib/gcc/nios2-elf/5.3.0/../../../../../H-x86_64-mingw32/nios2-elf/lib/mno-hw-mul/fstack-limit-register-et\libm.a(lib_a-e_acos.o)
                0x0000000000051ec4                __ieee754_acos
 .text          0x000000000005278c        0x0 c:/intelfpga_lite/16.1/nios2eds/bin/gnu/h-x86_64-mingw32/bin/../lib/gcc/nios2-elf/5.3.0/../../../../../H-x86_64-mingw32/nios2-elf/lib/mno-hw-mul/fstack-limit-register-et\libm.a(lib_a-e_atan2.o)
 .text.__ieee754_atan2
                0x000000000005278c      0x2c8 c:/intelfpga_lite/16.1/nios2eds/bin/gnu/h-x86_64-mingw32/bin/../lib/gcc/nios2-elf/5.3.0/../../../../../H-x86_64-mingw32/nios2-elf/lib/mno-hw-mul/fstack-limit-register-et\libm.a(lib_a-e_atan2.o)
                0x000000000005278c                __ieee754_atan2
 .text          0x0000000000052a54        0x0 c:/intelfpga_lite/16.1/nios2eds/bin/gnu/h-x86_64-mingw32/bin/../lib/gcc/nios2-elf/5.3.0/../../../../../H-x86_64-mingw32/nios2-elf/lib/mno-hw-mul/fstack-limit-register-et\libm.a(lib_a-e_fmod.o)
 .text.__ieee754_fmod
                0x0000000000052a54      0x348 c:/intelfpga_lite/16.1/nios2eds/bin/gnu/h-x86_64-mingw32/bin/../lib/gcc/nios2-elf/5.3.0/../../../../../H-x86_64-mingw32/nios2-elf/lib/mno-hw-mul/fstack-limit-register-et\libm.a(lib_a-e_fmod.o)
                0x0000000000052a54                __ieee754_fmod
 .text          0x0000000000052d9c        0x0 c:/intelfpga_lite/16.1/nios2eds/bin/gnu/h-x86_64-mingw32/bin/../lib/gcc/nios2-elf/5.3.0/../../../../../H-x86_64-mingw32/nios2-elf/lib/mno-hw-mul/fstack-limit-register-et\libm.a(lib_a-e_pow.o)
 .text.__ieee754_pow
                0x0000000000052d9c     0x10ac c:/intelfpga_lite/16.1/nios2eds/bin/gnu/h-x86_64-mingw32/bin/../lib/gcc/nios2-elf/5.3.0/../../../../../H-x86_64-mingw32/nios2-elf/lib/mno-hw-mul/fstack-limit-register-et\libm.a(lib_a-e_pow.o)
                0x0000000000052d9c                __ieee754_pow
 .text          0x0000000000053e48        0x0 c:/intelfpga_lite/16.1/nios2eds/bin/gnu/h-x86_64-mingw32/bin/../lib/gcc/nios2-elf/5.3.0/../../../../../H-x86_64-mingw32/nios2-elf/lib/mno-hw-mul/fstack-limit-register-et\libm.a(lib_a-e_rem_pio2.o)
 .text.__ieee754_rem_pio2
                0x0000000000053e48      0x774 c:/intelfpga_lite/16.1/nios2eds/bin/gnu/h-x86_64-mingw32/bin/../lib/gcc/nios2-elf/5.3.0/../../../../../H-x86_64-mingw32/nios2-elf/lib/mno-hw-mul/fstack-limit-register-et\libm.a(lib_a-e_rem_pio2.o)
                0x0000000000053e48                __ieee754_rem_pio2
 .text          0x00000000000545bc        0x0 c:/intelfpga_lite/16.1/nios2eds/bin/gnu/h-x86_64-mingw32/bin/../lib/gcc/nios2-elf/5.3.0/../../../../../H-x86_64-mingw32/nios2-elf/lib/mno-hw-mul/fstack-limit-register-et\libm.a(lib_a-e_sqrt.o)
 .text.__ieee754_sqrt
                0x00000000000545bc      0x290 c:/intelfpga_lite/16.1/nios2eds/bin/gnu/h-x86_64-mingw32/bin/../lib/gcc/nios2-elf/5.3.0/../../../../../H-x86_64-mingw32/nios2-elf/lib/mno-hw-mul/fstack-limit-register-et\libm.a(lib_a-e_sqrt.o)
                0x00000000000545bc                __ieee754_sqrt
 .text          0x000000000005484c        0x0 c:/intelfpga_lite/16.1/nios2eds/bin/gnu/h-x86_64-mingw32/bin/../lib/gcc/nios2-elf/5.3.0/../../../../../H-x86_64-mingw32/nios2-elf/lib/mno-hw-mul/fstack-limit-register-et\libm.a(lib_a-k_cos.o)
 .text.__kernel_cos
                0x000000000005484c      0x4ac c:/intelfpga_lite/16.1/nios2eds/bin/gnu/h-x86_64-mingw32/bin/../lib/gcc/nios2-elf/5.3.0/../../../../../H-x86_64-mingw32/nios2-elf/lib/mno-hw-mul/fstack-limit-register-et\libm.a(lib_a-k_cos.o)
                0x000000000005484c                __kernel_cos
 .text          0x0000000000054cf8        0x0 c:/intelfpga_lite/16.1/nios2eds/bin/gnu/h-x86_64-mingw32/bin/../lib/gcc/nios2-elf/5.3.0/../../../../../H-x86_64-mingw32/nios2-elf/lib/mno-hw-mul/fstack-limit-register-et\libm.a(lib_a-k_rem_pio2.o)
 .text.__kernel_rem_pio2
                0x0000000000054cf8      0xda0 c:/intelfpga_lite/16.1/nios2eds/bin/gnu/h-x86_64-mingw32/bin/../lib/gcc/nios2-elf/5.3.0/../../../../../H-x86_64-mingw32/nios2-elf/lib/mno-hw-mul/fstack-limit-register-et\libm.a(lib_a-k_rem_pio2.o)
                0x0000000000054cf8                __kernel_rem_pio2
 .text          0x0000000000055a98        0x0 c:/intelfpga_lite/16.1/nios2eds/bin/gnu/h-x86_64-mingw32/bin/../lib/gcc/nios2-elf/5.3.0/../../../../../H-x86_64-mingw32/nios2-elf/lib/mno-hw-mul/fstack-limit-register-et\libm.a(lib_a-k_sin.o)
 .text.__kernel_sin
                0x0000000000055a98      0x2d4 c:/intelfpga_lite/16.1/nios2eds/bin/gnu/h-x86_64-mingw32/bin/../lib/gcc/nios2-elf/5.3.0/../../../../../H-x86_64-mingw32/nios2-elf/lib/mno-hw-mul/fstack-limit-register-et\libm.a(lib_a-k_sin.o)
                0x0000000000055a98                __kernel_sin
 .text          0x0000000000055d6c        0x0 c:/intelfpga_lite/16.1/nios2eds/bin/gnu/h-x86_64-mingw32/bin/../lib/gcc/nios2-elf/5.3.0/../../../../../H-x86_64-mingw32/nios2-elf/lib/mno-hw-mul/fstack-limit-register-et\libm.a(lib_a-s_atan.o)
 .text.atan     0x0000000000055d6c      0x590 c:/intelfpga_lite/16.1/nios2eds/bin/gnu/h-x86_64-mingw32/bin/../lib/gcc/nios2-elf/5.3.0/../../../../../H-x86_64-mingw32/nios2-elf/lib/mno-hw-mul/fstack-limit-register-et\libm.a(lib_a-s_atan.o)
                0x0000000000055d6c                atan
 .text          0x00000000000562fc        0x0 c:/intelfpga_lite/16.1/nios2eds/bin/gnu/h-x86_64-mingw32/bin/../lib/gcc/nios2-elf/5.3.0/../../../../../H-x86_64-mingw32/nios2-elf/lib/mno-hw-mul/fstack-limit-register-et\libm.a(lib_a-s_fabs.o)
 .text.fabs     0x00000000000562fc       0x14 c:/intelfpga_lite/16.1/nios2eds/bin/gnu/h-x86_64-mingw32/bin/../lib/gcc/nios2-elf/5.3.0/../../../../../H-x86_64-mingw32/nios2-elf/lib/mno-hw-mul/fstack-limit-register-et\libm.a(lib_a-s_fabs.o)
                0x00000000000562fc                fabs
 .text          0x0000000000056310        0x0 c:/intelfpga_lite/16.1/nios2eds/bin/gnu/h-x86_64-mingw32/bin/../lib/gcc/nios2-elf/5.3.0/../../../../../H-x86_64-mingw32/nios2-elf/lib/mno-hw-mul/fstack-limit-register-et\libm.a(lib_a-s_finite.o)
 .text.finite   0x0000000000056310       0x1c c:/intelfpga_lite/16.1/nios2eds/bin/gnu/h-x86_64-mingw32/bin/../lib/gcc/nios2-elf/5.3.0/../../../../../H-x86_64-mingw32/nios2-elf/lib/mno-hw-mul/fstack-limit-register-et\libm.a(lib_a-s_finite.o)
                0x0000000000056310                finite
 .text          0x000000000005632c        0x0 c:/intelfpga_lite/16.1/nios2eds/bin/gnu/h-x86_64-mingw32/bin/../lib/gcc/nios2-elf/5.3.0/../../../../../H-x86_64-mingw32/nios2-elf/lib/mno-hw-mul/fstack-limit-register-et\libm.a(lib_a-s_fpclassify.o)
 .text.__fpclassifyd
                0x000000000005632c       0x74 c:/intelfpga_lite/16.1/nios2eds/bin/gnu/h-x86_64-mingw32/bin/../lib/gcc/nios2-elf/5.3.0/../../../../../H-x86_64-mingw32/nios2-elf/lib/mno-hw-mul/fstack-limit-register-et\libm.a(lib_a-s_fpclassify.o)
                0x000000000005632c                __fpclassifyd
 .text          0x00000000000563a0        0x0 c:/intelfpga_lite/16.1/nios2eds/bin/gnu/h-x86_64-mingw32/bin/../lib/gcc/nios2-elf/5.3.0/../../../../../H-x86_64-mingw32/nios2-elf/lib/mno-hw-mul/fstack-limit-register-et\libm.a(lib_a-s_lib_ver.o)
 .text          0x00000000000563a0        0x0 c:/intelfpga_lite/16.1/nios2eds/bin/gnu/h-x86_64-mingw32/bin/../lib/gcc/nios2-elf/5.3.0/../../../../../H-x86_64-mingw32/nios2-elf/lib/mno-hw-mul/fstack-limit-register-et\libm.a(lib_a-s_matherr.o)
 .text.matherr  0x00000000000563a0        0x8 c:/intelfpga_lite/16.1/nios2eds/bin/gnu/h-x86_64-mingw32/bin/../lib/gcc/nios2-elf/5.3.0/../../../../../H-x86_64-mingw32/nios2-elf/lib/mno-hw-mul/fstack-limit-register-et\libm.a(lib_a-s_matherr.o)
                0x00000000000563a0                matherr
 .text          0x00000000000563a8        0x0 c:/intelfpga_lite/16.1/nios2eds/bin/gnu/h-x86_64-mingw32/bin/../lib/gcc/nios2-elf/5.3.0/../../../../../H-x86_64-mingw32/nios2-elf/lib/mno-hw-mul/fstack-limit-register-et\libm.a(lib_a-s_nan.o)
 .text.nan      0x00000000000563a8        0xc c:/intelfpga_lite/16.1/nios2eds/bin/gnu/h-x86_64-mingw32/bin/../lib/gcc/nios2-elf/5.3.0/../../../../../H-x86_64-mingw32/nios2-elf/lib/mno-hw-mul/fstack-limit-register-et\libm.a(lib_a-s_nan.o)
                0x00000000000563a8                nan
 .text          0x00000000000563b4        0x0 c:/intelfpga_lite/16.1/nios2eds/bin/gnu/h-x86_64-mingw32/bin/../lib/gcc/nios2-elf/5.3.0/../../../../../H-x86_64-mingw32/nios2-elf/lib/mno-hw-mul/fstack-limit-register-et\libm.a(lib_a-s_rint.o)
 .text.rint     0x00000000000563b4      0x1f4 c:/intelfpga_lite/16.1/nios2eds/bin/gnu/h-x86_64-mingw32/bin/../lib/gcc/nios2-elf/5.3.0/../../../../../H-x86_64-mingw32/nios2-elf/lib/mno-hw-mul/fstack-limit-register-et\libm.a(lib_a-s_rint.o)
                0x00000000000563b4                rint
 .text          0x00000000000565a8        0x0 c:/intelfpga_lite/16.1/nios2eds/bin/gnu/h-x86_64-mingw32/bin/../lib/gcc/nios2-elf/5.3.0/../../../../../H-x86_64-mingw32/nios2-elf/lib/mno-hw-mul/fstack-limit-register-et\libm.a(lib_a-s_scalbn.o)
 .text.scalbn   0x00000000000565a8      0x1a4 c:/intelfpga_lite/16.1/nios2eds/bin/gnu/h-x86_64-mingw32/bin/../lib/gcc/nios2-elf/5.3.0/../../../../../H-x86_64-mingw32/nios2-elf/lib/mno-hw-mul/fstack-limit-register-et\libm.a(lib_a-s_scalbn.o)
                0x00000000000565a8                scalbn
 .text          0x000000000005674c        0x0 c:/intelfpga_lite/16.1/nios2eds/bin/gnu/h-x86_64-mingw32/bin/../lib/gcc/nios2-elf/5.3.0/../../../../../H-x86_64-mingw32/nios2-elf/lib/mno-hw-mul/fstack-limit-register-et\libm.a(lib_a-s_copysign.o)
 .text.copysign
                0x000000000005674c       0x1c c:/intelfpga_lite/16.1/nios2eds/bin/gnu/h-x86_64-mingw32/bin/../lib/gcc/nios2-elf/5.3.0/../../../../../H-x86_64-mingw32/nios2-elf/lib/mno-hw-mul/fstack-limit-register-et\libm.a(lib_a-s_copysign.o)
                0x000000000005674c                copysign
 .text          0x0000000000056768      0x1b4 c:/intelfpga_lite/16.1/nios2eds/bin/gnu/h-x86_64-mingw32/bin/../lib/gcc/nios2-elf/5.3.0/mno-hw-mul/fstack-limit-register-et\libgcc.a(lib2-divmod.o)
                0x0000000000056768                __divsi3
                0x00000000000567ec                __modsi3
                0x0000000000056860                __udivsi3
                0x00000000000568c4                __umodsi3
 .text          0x000000000005691c       0x28 c:/intelfpga_lite/16.1/nios2eds/bin/gnu/h-x86_64-mingw32/bin/../lib/gcc/nios2-elf/5.3.0/mno-hw-mul/fstack-limit-register-et\libgcc.a(lib2-mul.o)
                0x000000000005691c                __mulsi3
 .text          0x0000000000056944       0x78 c:/intelfpga_lite/16.1/nios2eds/bin/gnu/h-x86_64-mingw32/bin/../lib/gcc/nios2-elf/5.3.0/mno-hw-mul/fstack-limit-register-et\libgcc.a(eqsf2.o)
                0x0000000000056944                __eqsf2
                0x0000000000056944                __nesf2
 .text          0x00000000000569bc      0x8b4 c:/intelfpga_lite/16.1/nios2eds/bin/gnu/h-x86_64-mingw32/bin/../lib/gcc/nios2-elf/5.3.0/mno-hw-mul/fstack-limit-register-et\libgcc.a(adddf3.o)
                0x00000000000569bc                __adddf3
 .text          0x0000000000057270      0x9d8 c:/intelfpga_lite/16.1/nios2eds/bin/gnu/h-x86_64-mingw32/bin/../lib/gcc/nios2-elf/5.3.0/mno-hw-mul/fstack-limit-register-et\libgcc.a(divdf3.o)
                0x0000000000057270                __divdf3
 .text          0x0000000000057c48       0x88 c:/intelfpga_lite/16.1/nios2eds/bin/gnu/h-x86_64-mingw32/bin/../lib/gcc/nios2-elf/5.3.0/mno-hw-mul/fstack-limit-register-et\libgcc.a(eqdf2.o)
                0x0000000000057c48                __nedf2
                0x0000000000057c48                __eqdf2
 .text          0x0000000000057cd0       0xdc c:/intelfpga_lite/16.1/nios2eds/bin/gnu/h-x86_64-mingw32/bin/../lib/gcc/nios2-elf/5.3.0/mno-hw-mul/fstack-limit-register-et\libgcc.a(gedf2.o)
                0x0000000000057cd0                __gedf2
                0x0000000000057cd0                __gtdf2
 .text          0x0000000000057dac       0xf4 c:/intelfpga_lite/16.1/nios2eds/bin/gnu/h-x86_64-mingw32/bin/../lib/gcc/nios2-elf/5.3.0/mno-hw-mul/fstack-limit-register-et\libgcc.a(ledf2.o)
                0x0000000000057dac                __ledf2
                0x0000000000057dac                __ltdf2
 .text          0x0000000000057ea0      0x874 c:/intelfpga_lite/16.1/nios2eds/bin/gnu/h-x86_64-mingw32/bin/../lib/gcc/nios2-elf/5.3.0/mno-hw-mul/fstack-limit-register-et\libgcc.a(muldf3.o)
                0x0000000000057ea0                __muldf3
 .text          0x0000000000058714      0x904 c:/intelfpga_lite/16.1/nios2eds/bin/gnu/h-x86_64-mingw32/bin/../lib/gcc/nios2-elf/5.3.0/mno-hw-mul/fstack-limit-register-et\libgcc.a(subdf3.o)
                0x0000000000058714                __subdf3
 .text          0x0000000000059018       0x80 c:/intelfpga_lite/16.1/nios2eds/bin/gnu/h-x86_64-mingw32/bin/../lib/gcc/nios2-elf/5.3.0/mno-hw-mul/fstack-limit-register-et\libgcc.a(fixdfsi.o)
                0x0000000000059018                __fixdfsi
 .text          0x0000000000059098       0xe4 c:/intelfpga_lite/16.1/nios2eds/bin/gnu/h-x86_64-mingw32/bin/../lib/gcc/nios2-elf/5.3.0/mno-hw-mul/fstack-limit-register-et\libgcc.a(floatsidf.o)
                0x0000000000059098                __floatsidf
 .text          0x000000000005917c       0x64 c:/intelfpga_lite/16.1/nios2eds/bin/gnu/h-x86_64-mingw32/bin/../lib/gcc/nios2-elf/5.3.0/mno-hw-mul/fstack-limit-register-et\libgcc.a(_clzsi2.o)
                0x000000000005917c                __clzsi2
 .text          0x00000000000591e0        0x0 c:/intelfpga_lite/16.1/nios2eds/bin/gnu/h-x86_64-mingw32/bin/../lib/gcc/nios2-elf/5.3.0/mno-hw-mul/fstack-limit-register-et\libgcc.a(_clz.o)
 .text          0x00000000000591e0        0x0 c:/intelfpga_lite/16.1/nios2eds/bin/gnu/h-x86_64-mingw32/bin/../lib/gcc/nios2-elf/5.3.0/../../../../../H-x86_64-mingw32/nios2-elf/lib/mno-hw-mul/fstack-limit-register-et\libc.a(lib_a-errno.o)
 .text.__errno  0x00000000000591e0       0x10 c:/intelfpga_lite/16.1/nios2eds/bin/gnu/h-x86_64-mingw32/bin/../lib/gcc/nios2-elf/5.3.0/../../../../../H-x86_64-mingw32/nios2-elf/lib/mno-hw-mul/fstack-limit-register-et\libc.a(lib_a-errno.o)
                0x00000000000591e0                __errno
 .text          0x00000000000591f0        0x0 c:/intelfpga_lite/16.1/nios2eds/bin/gnu/h-x86_64-mingw32/bin/../lib/gcc/nios2-elf/5.3.0/../../../../../H-x86_64-mingw32/nios2-elf/lib/mno-hw-mul/fstack-limit-register-et\libc.a(lib_a-fflush.o)
 .text.__sflush_r
                0x00000000000591f0      0x224 c:/intelfpga_lite/16.1/nios2eds/bin/gnu/h-x86_64-mingw32/bin/../lib/gcc/nios2-elf/5.3.0/../../../../../H-x86_64-mingw32/nios2-elf/lib/mno-hw-mul/fstack-limit-register-et\libc.a(lib_a-fflush.o)
                0x00000000000591f0                __sflush_r
 .text._fflush_r
                0x0000000000059414       0x64 c:/intelfpga_lite/16.1/nios2eds/bin/gnu/h-x86_64-mingw32/bin/../lib/gcc/nios2-elf/5.3.0/../../../../../H-x86_64-mingw32/nios2-elf/lib/mno-hw-mul/fstack-limit-register-et\libc.a(lib_a-fflush.o)
                0x0000000000059414                _fflush_r
 .text.fflush   0x0000000000059478       0x30 c:/intelfpga_lite/16.1/nios2eds/bin/gnu/h-x86_64-mingw32/bin/../lib/gcc/nios2-elf/5.3.0/../../../../../H-x86_64-mingw32/nios2-elf/lib/mno-hw-mul/fstack-limit-register-et\libc.a(lib_a-fflush.o)
                0x0000000000059478                fflush
 .text          0x00000000000594a8        0x0 c:/intelfpga_lite/16.1/nios2eds/bin/gnu/h-x86_64-mingw32/bin/../lib/gcc/nios2-elf/5.3.0/../../../../../H-x86_64-mingw32/nios2-elf/lib/mno-hw-mul/fstack-limit-register-et\libc.a(lib_a-findfp.o)
 .text.__fp_unlock
                0x00000000000594a8        0x8 c:/intelfpga_lite/16.1/nios2eds/bin/gnu/h-x86_64-mingw32/bin/../lib/gcc/nios2-elf/5.3.0/../../../../../H-x86_64-mingw32/nios2-elf/lib/mno-hw-mul/fstack-limit-register-et\libc.a(lib_a-findfp.o)
 .text._cleanup_r
                0x00000000000594b0        0xc c:/intelfpga_lite/16.1/nios2eds/bin/gnu/h-x86_64-mingw32/bin/../lib/gcc/nios2-elf/5.3.0/../../../../../H-x86_64-mingw32/nios2-elf/lib/mno-hw-mul/fstack-limit-register-et\libc.a(lib_a-findfp.o)
                0x00000000000594b0                _cleanup_r
 .text.__sinit.part.1
                0x00000000000594bc      0x1a4 c:/intelfpga_lite/16.1/nios2eds/bin/gnu/h-x86_64-mingw32/bin/../lib/gcc/nios2-elf/5.3.0/../../../../../H-x86_64-mingw32/nios2-elf/lib/mno-hw-mul/fstack-limit-register-et\libc.a(lib_a-findfp.o)
 .text.__fp_lock
                0x0000000000059660        0x8 c:/intelfpga_lite/16.1/nios2eds/bin/gnu/h-x86_64-mingw32/bin/../lib/gcc/nios2-elf/5.3.0/../../../../../H-x86_64-mingw32/nios2-elf/lib/mno-hw-mul/fstack-limit-register-et\libc.a(lib_a-findfp.o)
 .text.__sfmoreglue
                0x0000000000059668       0x80 c:/intelfpga_lite/16.1/nios2eds/bin/gnu/h-x86_64-mingw32/bin/../lib/gcc/nios2-elf/5.3.0/../../../../../H-x86_64-mingw32/nios2-elf/lib/mno-hw-mul/fstack-limit-register-et\libc.a(lib_a-findfp.o)
                0x0000000000059668                __sfmoreglue
 .text.__sfp    0x00000000000596e8      0x120 c:/intelfpga_lite/16.1/nios2eds/bin/gnu/h-x86_64-mingw32/bin/../lib/gcc/nios2-elf/5.3.0/../../../../../H-x86_64-mingw32/nios2-elf/lib/mno-hw-mul/fstack-limit-register-et\libc.a(lib_a-findfp.o)
                0x00000000000596e8                __sfp
 .text._cleanup
                0x0000000000059808       0x18 c:/intelfpga_lite/16.1/nios2eds/bin/gnu/h-x86_64-mingw32/bin/../lib/gcc/nios2-elf/5.3.0/../../../../../H-x86_64-mingw32/nios2-elf/lib/mno-hw-mul/fstack-limit-register-et\libc.a(lib_a-findfp.o)
                0x0000000000059808                _cleanup
 .text.__sinit  0x0000000000059820       0x10 c:/intelfpga_lite/16.1/nios2eds/bin/gnu/h-x86_64-mingw32/bin/../lib/gcc/nios2-elf/5.3.0/../../../../../H-x86_64-mingw32/nios2-elf/lib/mno-hw-mul/fstack-limit-register-et\libc.a(lib_a-findfp.o)
                0x0000000000059820                __sinit
 .text.__sfp_lock_acquire
                0x0000000000059830        0x4 c:/intelfpga_lite/16.1/nios2eds/bin/gnu/h-x86_64-mingw32/bin/../lib/gcc/nios2-elf/5.3.0/../../../../../H-x86_64-mingw32/nios2-elf/lib/mno-hw-mul/fstack-limit-register-et\libc.a(lib_a-findfp.o)
                0x0000000000059830                __sfp_lock_acquire
 .text.__sfp_lock_release
                0x0000000000059834        0x4 c:/intelfpga_lite/16.1/nios2eds/bin/gnu/h-x86_64-mingw32/bin/../lib/gcc/nios2-elf/5.3.0/../../../../../H-x86_64-mingw32/nios2-elf/lib/mno-hw-mul/fstack-limit-register-et\libc.a(lib_a-findfp.o)
                0x0000000000059834                __sfp_lock_release
 .text.__sinit_lock_acquire
                0x0000000000059838        0x4 c:/intelfpga_lite/16.1/nios2eds/bin/gnu/h-x86_64-mingw32/bin/../lib/gcc/nios2-elf/5.3.0/../../../../../H-x86_64-mingw32/nios2-elf/lib/mno-hw-mul/fstack-limit-register-et\libc.a(lib_a-findfp.o)
                0x0000000000059838                __sinit_lock_acquire
 .text.__sinit_lock_release
                0x000000000005983c        0x4 c:/intelfpga_lite/16.1/nios2eds/bin/gnu/h-x86_64-mingw32/bin/../lib/gcc/nios2-elf/5.3.0/../../../../../H-x86_64-mingw32/nios2-elf/lib/mno-hw-mul/fstack-limit-register-et\libc.a(lib_a-findfp.o)
                0x000000000005983c                __sinit_lock_release
 .text.__fp_lock_all
                0x0000000000059840       0x18 c:/intelfpga_lite/16.1/nios2eds/bin/gnu/h-x86_64-mingw32/bin/../lib/gcc/nios2-elf/5.3.0/../../../../../H-x86_64-mingw32/nios2-elf/lib/mno-hw-mul/fstack-limit-register-et\libc.a(lib_a-findfp.o)
                0x0000000000059840                __fp_lock_all
 .text.__fp_unlock_all
                0x0000000000059858       0x18 c:/intelfpga_lite/16.1/nios2eds/bin/gnu/h-x86_64-mingw32/bin/../lib/gcc/nios2-elf/5.3.0/../../../../../H-x86_64-mingw32/nios2-elf/lib/mno-hw-mul/fstack-limit-register-et\libc.a(lib_a-findfp.o)
                0x0000000000059858                __fp_unlock_all
 .text          0x0000000000059870        0x0 c:/intelfpga_lite/16.1/nios2eds/bin/gnu/h-x86_64-mingw32/bin/../lib/gcc/nios2-elf/5.3.0/../../../../../H-x86_64-mingw32/nios2-elf/lib/mno-hw-mul/fstack-limit-register-et\libc.a(lib_a-freer.o)
 .text._malloc_trim_r
                0x0000000000059870      0x12c c:/intelfpga_lite/16.1/nios2eds/bin/gnu/h-x86_64-mingw32/bin/../lib/gcc/nios2-elf/5.3.0/../../../../../H-x86_64-mingw32/nios2-elf/lib/mno-hw-mul/fstack-limit-register-et\libc.a(lib_a-freer.o)
                0x0000000000059870                _malloc_trim_r
 .text._free_r  0x000000000005999c      0x318 c:/intelfpga_lite/16.1/nios2eds/bin/gnu/h-x86_64-mingw32/bin/../lib/gcc/nios2-elf/5.3.0/../../../../../H-x86_64-mingw32/nios2-elf/lib/mno-hw-mul/fstack-limit-register-et\libc.a(lib_a-freer.o)
                0x000000000005999c                _free_r
 .text          0x0000000000059cb4        0x0 c:/intelfpga_lite/16.1/nios2eds/bin/gnu/h-x86_64-mingw32/bin/../lib/gcc/nios2-elf/5.3.0/../../../../../H-x86_64-mingw32/nios2-elf/lib/mno-hw-mul/fstack-limit-register-et\libc.a(lib_a-fwalk.o)
 .text._fwalk   0x0000000000059cb4       0xcc c:/intelfpga_lite/16.1/nios2eds/bin/gnu/h-x86_64-mingw32/bin/../lib/gcc/nios2-elf/5.3.0/../../../../../H-x86_64-mingw32/nios2-elf/lib/mno-hw-mul/fstack-limit-register-et\libc.a(lib_a-fwalk.o)
                0x0000000000059cb4                _fwalk
 .text._fwalk_reent
                0x0000000000059d80       0xcc c:/intelfpga_lite/16.1/nios2eds/bin/gnu/h-x86_64-mingw32/bin/../lib/gcc/nios2-elf/5.3.0/../../../../../H-x86_64-mingw32/nios2-elf/lib/mno-hw-mul/fstack-limit-register-et\libc.a(lib_a-fwalk.o)
                0x0000000000059d80                _fwalk_reent
 .text          0x0000000000059e4c        0x0 c:/intelfpga_lite/16.1/nios2eds/bin/gnu/h-x86_64-mingw32/bin/../lib/gcc/nios2-elf/5.3.0/../../../../../H-x86_64-mingw32/nios2-elf/lib/mno-hw-mul/fstack-limit-register-et\libc.a(lib_a-impure.o)
 .text          0x0000000000059e4c        0x0 c:/intelfpga_lite/16.1/nios2eds/bin/gnu/h-x86_64-mingw32/bin/../lib/gcc/nios2-elf/5.3.0/../../../../../H-x86_64-mingw32/nios2-elf/lib/mno-hw-mul/fstack-limit-register-et\libc.a(lib_a-mallocr.o)
 .text._malloc_r
                0x0000000000059e4c      0x814 c:/intelfpga_lite/16.1/nios2eds/bin/gnu/h-x86_64-mingw32/bin/../lib/gcc/nios2-elf/5.3.0/../../../../../H-x86_64-mingw32/nios2-elf/lib/mno-hw-mul/fstack-limit-register-et\libc.a(lib_a-mallocr.o)
                0x0000000000059e4c                _malloc_r
 .text          0x000000000005a660        0x0 c:/intelfpga_lite/16.1/nios2eds/bin/gnu/h-x86_64-mingw32/bin/../lib/gcc/nios2-elf/5.3.0/../../../../../H-x86_64-mingw32/nios2-elf/lib/mno-hw-mul/fstack-limit-register-et\libc.a(lib_a-memcpy.o)
 .text.memcpy   0x000000000005a660      0x150 c:/intelfpga_lite/16.1/nios2eds/bin/gnu/h-x86_64-mingw32/bin/../lib/gcc/nios2-elf/5.3.0/../../../../../H-x86_64-mingw32/nios2-elf/lib/mno-hw-mul/fstack-limit-register-et\libc.a(lib_a-memcpy.o)
                0x000000000005a660                memcpy
 .text          0x000000000005a7b0        0x0 c:/intelfpga_lite/16.1/nios2eds/bin/gnu/h-x86_64-mingw32/bin/../lib/gcc/nios2-elf/5.3.0/../../../../../H-x86_64-mingw32/nios2-elf/lib/mno-hw-mul/fstack-limit-register-et\libc.a(lib_a-memset.o)
 .text.memset   0x000000000005a7b0      0x128 c:/intelfpga_lite/16.1/nios2eds/bin/gnu/h-x86_64-mingw32/bin/../lib/gcc/nios2-elf/5.3.0/../../../../../H-x86_64-mingw32/nios2-elf/lib/mno-hw-mul/fstack-limit-register-et\libc.a(lib_a-memset.o)
                0x000000000005a7b0                memset
 .text          0x000000000005a8d8        0x0 c:/intelfpga_lite/16.1/nios2eds/bin/gnu/h-x86_64-mingw32/bin/../lib/gcc/nios2-elf/5.3.0/../../../../../H-x86_64-mingw32/nios2-elf/lib/mno-hw-mul/fstack-limit-register-et\libc.a(lib_a-printf.o)
 .text._printf_r
                0x000000000005a8d8       0x38 c:/intelfpga_lite/16.1/nios2eds/bin/gnu/h-x86_64-mingw32/bin/../lib/gcc/nios2-elf/5.3.0/../../../../../H-x86_64-mingw32/nios2-elf/lib/mno-hw-mul/fstack-limit-register-et\libc.a(lib_a-printf.o)
                0x000000000005a8d8                _printf_r
 .text.printf   0x000000000005a910       0x44 c:/intelfpga_lite/16.1/nios2eds/bin/gnu/h-x86_64-mingw32/bin/../lib/gcc/nios2-elf/5.3.0/../../../../../H-x86_64-mingw32/nios2-elf/lib/mno-hw-mul/fstack-limit-register-et\libc.a(lib_a-printf.o)
                0x000000000005a910                printf
 .text          0x000000000005a954        0x0 c:/intelfpga_lite/16.1/nios2eds/bin/gnu/h-x86_64-mingw32/bin/../lib/gcc/nios2-elf/5.3.0/../../../../../H-x86_64-mingw32/nios2-elf/lib/mno-hw-mul/fstack-limit-register-et\libc.a(lib_a-puts.o)
 .text._puts_r  0x000000000005a954       0xc8 c:/intelfpga_lite/16.1/nios2eds/bin/gnu/h-x86_64-mingw32/bin/../lib/gcc/nios2-elf/5.3.0/../../../../../H-x86_64-mingw32/nios2-elf/lib/mno-hw-mul/fstack-limit-register-et\libc.a(lib_a-puts.o)
                0x000000000005a954                _puts_r
 .text.puts     0x000000000005aa1c       0x14 c:/intelfpga_lite/16.1/nios2eds/bin/gnu/h-x86_64-mingw32/bin/../lib/gcc/nios2-elf/5.3.0/../../../../../H-x86_64-mingw32/nios2-elf/lib/mno-hw-mul/fstack-limit-register-et\libc.a(lib_a-puts.o)
                0x000000000005aa1c                puts
 .text          0x000000000005aa30        0x0 c:/intelfpga_lite/16.1/nios2eds/bin/gnu/h-x86_64-mingw32/bin/../lib/gcc/nios2-elf/5.3.0/../../../../../H-x86_64-mingw32/nios2-elf/lib/mno-hw-mul/fstack-limit-register-et\libc.a(lib_a-sbrkr.o)
 .text._sbrk_r  0x000000000005aa30       0x5c c:/intelfpga_lite/16.1/nios2eds/bin/gnu/h-x86_64-mingw32/bin/../lib/gcc/nios2-elf/5.3.0/../../../../../H-x86_64-mingw32/nios2-elf/lib/mno-hw-mul/fstack-limit-register-et\libc.a(lib_a-sbrkr.o)
                0x000000000005aa30                _sbrk_r
 .text          0x000000000005aa8c        0x0 c:/intelfpga_lite/16.1/nios2eds/bin/gnu/h-x86_64-mingw32/bin/../lib/gcc/nios2-elf/5.3.0/../../../../../H-x86_64-mingw32/nios2-elf/lib/mno-hw-mul/fstack-limit-register-et\libc.a(lib_a-stdio.o)
 .text.__sread  0x000000000005aa8c       0x5c c:/intelfpga_lite/16.1/nios2eds/bin/gnu/h-x86_64-mingw32/bin/../lib/gcc/nios2-elf/5.3.0/../../../../../H-x86_64-mingw32/nios2-elf/lib/mno-hw-mul/fstack-limit-register-et\libc.a(lib_a-stdio.o)
                0x000000000005aa8c                __sread
 .text.__seofread
                0x000000000005aae8        0x8 c:/intelfpga_lite/16.1/nios2eds/bin/gnu/h-x86_64-mingw32/bin/../lib/gcc/nios2-elf/5.3.0/../../../../../H-x86_64-mingw32/nios2-elf/lib/mno-hw-mul/fstack-limit-register-et\libc.a(lib_a-stdio.o)
                0x000000000005aae8                __seofread
 .text.__swrite
                0x000000000005aaf0       0x84 c:/intelfpga_lite/16.1/nios2eds/bin/gnu/h-x86_64-mingw32/bin/../lib/gcc/nios2-elf/5.3.0/../../../../../H-x86_64-mingw32/nios2-elf/lib/mno-hw-mul/fstack-limit-register-et\libc.a(lib_a-stdio.o)
                0x000000000005aaf0                __swrite
 .text.__sseek  0x000000000005ab74       0x64 c:/intelfpga_lite/16.1/nios2eds/bin/gnu/h-x86_64-mingw32/bin/../lib/gcc/nios2-elf/5.3.0/../../../../../H-x86_64-mingw32/nios2-elf/lib/mno-hw-mul/fstack-limit-register-et\libc.a(lib_a-stdio.o)
                0x000000000005ab74                __sseek
 .text.__sclose
                0x000000000005abd8        0x8 c:/intelfpga_lite/16.1/nios2eds/bin/gnu/h-x86_64-mingw32/bin/../lib/gcc/nios2-elf/5.3.0/../../../../../H-x86_64-mingw32/nios2-elf/lib/mno-hw-mul/fstack-limit-register-et\libc.a(lib_a-stdio.o)
                0x000000000005abd8                __sclose
 .text          0x000000000005abe0        0x0 c:/intelfpga_lite/16.1/nios2eds/bin/gnu/h-x86_64-mingw32/bin/../lib/gcc/nios2-elf/5.3.0/../../../../../H-x86_64-mingw32/nios2-elf/lib/mno-hw-mul/fstack-limit-register-et\libc.a(lib_a-strlen.o)
 .text.strlen   0x000000000005abe0       0x98 c:/intelfpga_lite/16.1/nios2eds/bin/gnu/h-x86_64-mingw32/bin/../lib/gcc/nios2-elf/5.3.0/../../../../../H-x86_64-mingw32/nios2-elf/lib/mno-hw-mul/fstack-limit-register-et\libc.a(lib_a-strlen.o)
                0x000000000005abe0                strlen
 .text          0x000000000005ac78        0x0 c:/intelfpga_lite/16.1/nios2eds/bin/gnu/h-x86_64-mingw32/bin/../lib/gcc/nios2-elf/5.3.0/../../../../../H-x86_64-mingw32/nios2-elf/lib/mno-hw-mul/fstack-limit-register-et\libc.a(lib_a-vfprintf.o)
 .text.___vfprintf_internal_r
                0x000000000005ac78     0x22e4 c:/intelfpga_lite/16.1/nios2eds/bin/gnu/h-x86_64-mingw32/bin/../lib/gcc/nios2-elf/5.3.0/../../../../../H-x86_64-mingw32/nios2-elf/lib/mno-hw-mul/fstack-limit-register-et\libc.a(lib_a-vfprintf.o)
                0x000000000005ac78                ___vfprintf_internal_r
 .text.__vfprintf_internal
                0x000000000005cf5c       0x1c c:/intelfpga_lite/16.1/nios2eds/bin/gnu/h-x86_64-mingw32/bin/../lib/gcc/nios2-elf/5.3.0/../../../../../H-x86_64-mingw32/nios2-elf/lib/mno-hw-mul/fstack-limit-register-et\libc.a(lib_a-vfprintf.o)
                0x000000000005cf5c                __vfprintf_internal
 .text.__sbprintf
                0x000000000005cf78       0xc4 c:/intelfpga_lite/16.1/nios2eds/bin/gnu/h-x86_64-mingw32/bin/../lib/gcc/nios2-elf/5.3.0/../../../../../H-x86_64-mingw32/nios2-elf/lib/mno-hw-mul/fstack-limit-register-et\libc.a(lib_a-vfprintf.o)
 .text          0x000000000005d03c        0x0 c:/intelfpga_lite/16.1/nios2eds/bin/gnu/h-x86_64-mingw32/bin/../lib/gcc/nios2-elf/5.3.0/../../../../../H-x86_64-mingw32/nios2-elf/lib/mno-hw-mul/fstack-limit-register-et\libc.a(lib_a-writer.o)
 .text._write_r
                0x000000000005d03c       0x68 c:/intelfpga_lite/16.1/nios2eds/bin/gnu/h-x86_64-mingw32/bin/../lib/gcc/nios2-elf/5.3.0/../../../../../H-x86_64-mingw32/nios2-elf/lib/mno-hw-mul/fstack-limit-register-et\libc.a(lib_a-writer.o)
                0x000000000005d03c                _write_r
 .text          0x000000000005d0a4        0x0 c:/intelfpga_lite/16.1/nios2eds/bin/gnu/h-x86_64-mingw32/bin/../lib/gcc/nios2-elf/5.3.0/../../../../../H-x86_64-mingw32/nios2-elf/lib/mno-hw-mul/fstack-limit-register-et\libc.a(lib_a-wsetup.o)
 .text.__swsetup_r
                0x000000000005d0a4      0x15c c:/intelfpga_lite/16.1/nios2eds/bin/gnu/h-x86_64-mingw32/bin/../lib/gcc/nios2-elf/5.3.0/../../../../../H-x86_64-mingw32/nios2-elf/lib/mno-hw-mul/fstack-limit-register-et\libc.a(lib_a-wsetup.o)
                0x000000000005d0a4                __swsetup_r
 .text          0x000000000005d200        0x0 c:/intelfpga_lite/16.1/nios2eds/bin/gnu/h-x86_64-mingw32/bin/../lib/gcc/nios2-elf/5.3.0/../../../../../H-x86_64-mingw32/nios2-elf/lib/mno-hw-mul/fstack-limit-register-et\libc.a(closer.o)
 .text._close_r
                0x000000000005d200       0x5c c:/intelfpga_lite/16.1/nios2eds/bin/gnu/h-x86_64-mingw32/bin/../lib/gcc/nios2-elf/5.3.0/../../../../../H-x86_64-mingw32/nios2-elf/lib/mno-hw-mul/fstack-limit-register-et\libc.a(closer.o)
                0x000000000005d200                _close_r
 .text          0x000000000005d25c        0x0 c:/intelfpga_lite/16.1/nios2eds/bin/gnu/h-x86_64-mingw32/bin/../lib/gcc/nios2-elf/5.3.0/../../../../../H-x86_64-mingw32/nios2-elf/lib/mno-hw-mul/fstack-limit-register-et\libc.a(lib_a-dtoa.o)
 .text.quorem   0x000000000005d25c      0x230 c:/intelfpga_lite/16.1/nios2eds/bin/gnu/h-x86_64-mingw32/bin/../lib/gcc/nios2-elf/5.3.0/../../../../../H-x86_64-mingw32/nios2-elf/lib/mno-hw-mul/fstack-limit-register-et\libc.a(lib_a-dtoa.o)
 .text._dtoa_r  0x000000000005d48c     0x1690 c:/intelfpga_lite/16.1/nios2eds/bin/gnu/h-x86_64-mingw32/bin/../lib/gcc/nios2-elf/5.3.0/../../../../../H-x86_64-mingw32/nios2-elf/lib/mno-hw-mul/fstack-limit-register-et\libc.a(lib_a-dtoa.o)
                0x000000000005d48c                _dtoa_r
 .text          0x000000000005eb1c        0x0 c:/intelfpga_lite/16.1/nios2eds/bin/gnu/h-x86_64-mingw32/bin/../lib/gcc/nios2-elf/5.3.0/../../../../../H-x86_64-mingw32/nios2-elf/lib/mno-hw-mul/fstack-limit-register-et\libc.a(lib_a-fclose.o)
 .text._fclose_r
                0x000000000005eb1c       0xf8 c:/intelfpga_lite/16.1/nios2eds/bin/gnu/h-x86_64-mingw32/bin/../lib/gcc/nios2-elf/5.3.0/../../../../../H-x86_64-mingw32/nios2-elf/lib/mno-hw-mul/fstack-limit-register-et\libc.a(lib_a-fclose.o)
                0x000000000005eb1c                _fclose_r
 .text.fclose   0x000000000005ec14       0x14 c:/intelfpga_lite/16.1/nios2eds/bin/gnu/h-x86_64-mingw32/bin/../lib/gcc/nios2-elf/5.3.0/../../../../../H-x86_64-mingw32/nios2-elf/lib/mno-hw-mul/fstack-limit-register-et\libc.a(lib_a-fclose.o)
                0x000000000005ec14                fclose
 .text          0x000000000005ec28        0x0 c:/intelfpga_lite/16.1/nios2eds/bin/gnu/h-x86_64-mingw32/bin/../lib/gcc/nios2-elf/5.3.0/../../../../../H-x86_64-mingw32/nios2-elf/lib/mno-hw-mul/fstack-limit-register-et\libc.a(lib_a-fvwrite.o)
 .text.__sfvwrite_r
                0x000000000005ec28      0x4d0 c:/intelfpga_lite/16.1/nios2eds/bin/gnu/h-x86_64-mingw32/bin/../lib/gcc/nios2-elf/5.3.0/../../../../../H-x86_64-mingw32/nios2-elf/lib/mno-hw-mul/fstack-limit-register-et\libc.a(lib_a-fvwrite.o)
                0x000000000005ec28                __sfvwrite_r
 .text          0x000000000005f0f8        0x0 c:/intelfpga_lite/16.1/nios2eds/bin/gnu/h-x86_64-mingw32/bin/../lib/gcc/nios2-elf/5.3.0/../../../../../H-x86_64-mingw32/nios2-elf/lib/mno-hw-mul/fstack-limit-register-et\libc.a(lib_a-int_errno.o)
 .text          0x000000000005f0f8        0x0 c:/intelfpga_lite/16.1/nios2eds/bin/gnu/h-x86_64-mingw32/bin/../lib/gcc/nios2-elf/5.3.0/../../../../../H-x86_64-mingw32/nios2-elf/lib/mno-hw-mul/fstack-limit-register-et\libc.a(lib_a-locale.o)
 .text._setlocale_r
                0x000000000005f0f8       0x84 c:/intelfpga_lite/16.1/nios2eds/bin/gnu/h-x86_64-mingw32/bin/../lib/gcc/nios2-elf/5.3.0/../../../../../H-x86_64-mingw32/nios2-elf/lib/mno-hw-mul/fstack-limit-register-et\libc.a(lib_a-locale.o)
                0x000000000005f0f8                _setlocale_r
 .text.__locale_charset
                0x000000000005f17c        0xc c:/intelfpga_lite/16.1/nios2eds/bin/gnu/h-x86_64-mingw32/bin/../lib/gcc/nios2-elf/5.3.0/../../../../../H-x86_64-mingw32/nios2-elf/lib/mno-hw-mul/fstack-limit-register-et\libc.a(lib_a-locale.o)
                0x000000000005f17c                __locale_charset
 .text.__locale_mb_cur_max
                0x000000000005f188       0x10 c:/intelfpga_lite/16.1/nios2eds/bin/gnu/h-x86_64-mingw32/bin/../lib/gcc/nios2-elf/5.3.0/../../../../../H-x86_64-mingw32/nios2-elf/lib/mno-hw-mul/fstack-limit-register-et\libc.a(lib_a-locale.o)
                0x000000000005f188                __locale_mb_cur_max
 .text.__locale_msgcharset
                0x000000000005f198        0xc c:/intelfpga_lite/16.1/nios2eds/bin/gnu/h-x86_64-mingw32/bin/../lib/gcc/nios2-elf/5.3.0/../../../../../H-x86_64-mingw32/nios2-elf/lib/mno-hw-mul/fstack-limit-register-et\libc.a(lib_a-locale.o)
                0x000000000005f198                __locale_msgcharset
 .text.__locale_cjk_lang
                0x000000000005f1a4        0x8 c:/intelfpga_lite/16.1/nios2eds/bin/gnu/h-x86_64-mingw32/bin/../lib/gcc/nios2-elf/5.3.0/../../../../../H-x86_64-mingw32/nios2-elf/lib/mno-hw-mul/fstack-limit-register-et\libc.a(lib_a-locale.o)
                0x000000000005f1a4                __locale_cjk_lang
 .text._localeconv_r
                0x000000000005f1ac        0xc c:/intelfpga_lite/16.1/nios2eds/bin/gnu/h-x86_64-mingw32/bin/../lib/gcc/nios2-elf/5.3.0/../../../../../H-x86_64-mingw32/nios2-elf/lib/mno-hw-mul/fstack-limit-register-et\libc.a(lib_a-locale.o)
                0x000000000005f1ac                _localeconv_r
 .text.setlocale
                0x000000000005f1b8       0x18 c:/intelfpga_lite/16.1/nios2eds/bin/gnu/h-x86_64-mingw32/bin/../lib/gcc/nios2-elf/5.3.0/../../../../../H-x86_64-mingw32/nios2-elf/lib/mno-hw-mul/fstack-limit-register-et\libc.a(lib_a-locale.o)
                0x000000000005f1b8                setlocale
 .text.localeconv
                0x000000000005f1d0        0xc c:/intelfpga_lite/16.1/nios2eds/bin/gnu/h-x86_64-mingw32/bin/../lib/gcc/nios2-elf/5.3.0/../../../../../H-x86_64-mingw32/nios2-elf/lib/mno-hw-mul/fstack-limit-register-et\libc.a(lib_a-locale.o)
                0x000000000005f1d0                localeconv
 .text          0x000000000005f1dc        0x0 c:/intelfpga_lite/16.1/nios2eds/bin/gnu/h-x86_64-mingw32/bin/../lib/gcc/nios2-elf/5.3.0/../../../../../H-x86_64-mingw32/nios2-elf/lib/mno-hw-mul/fstack-limit-register-et\libc.a(lib_a-lseekr.o)
 .text._lseek_r
                0x000000000005f1dc       0x68 c:/intelfpga_lite/16.1/nios2eds/bin/gnu/h-x86_64-mingw32/bin/../lib/gcc/nios2-elf/5.3.0/../../../../../H-x86_64-mingw32/nios2-elf/lib/mno-hw-mul/fstack-limit-register-et\libc.a(lib_a-lseekr.o)
                0x000000000005f1dc                _lseek_r
 .text          0x000000000005f244        0x0 c:/intelfpga_lite/16.1/nios2eds/bin/gnu/h-x86_64-mingw32/bin/../lib/gcc/nios2-elf/5.3.0/../../../../../H-x86_64-mingw32/nios2-elf/lib/mno-hw-mul/fstack-limit-register-et\libc.a(lib_a-makebuf.o)
 .text.__smakebuf_r
                0x000000000005f244      0x1c4 c:/intelfpga_lite/16.1/nios2eds/bin/gnu/h-x86_64-mingw32/bin/../lib/gcc/nios2-elf/5.3.0/../../../../../H-x86_64-mingw32/nios2-elf/lib/mno-hw-mul/fstack-limit-register-et\libc.a(lib_a-makebuf.o)
                0x000000000005f244                __smakebuf_r
 .text          0x000000000005f408        0x0 c:/intelfpga_lite/16.1/nios2eds/bin/gnu/h-x86_64-mingw32/bin/../lib/gcc/nios2-elf/5.3.0/../../../../../H-x86_64-mingw32/nios2-elf/lib/mno-hw-mul/fstack-limit-register-et\libc.a(lib_a-memchr.o)
 .text.memchr   0x000000000005f408       0xe4 c:/intelfpga_lite/16.1/nios2eds/bin/gnu/h-x86_64-mingw32/bin/../lib/gcc/nios2-elf/5.3.0/../../../../../H-x86_64-mingw32/nios2-elf/lib/mno-hw-mul/fstack-limit-register-et\libc.a(lib_a-memchr.o)
                0x000000000005f408                memchr
 .text          0x000000000005f4ec        0x0 c:/intelfpga_lite/16.1/nios2eds/bin/gnu/h-x86_64-mingw32/bin/../lib/gcc/nios2-elf/5.3.0/../../../../../H-x86_64-mingw32/nios2-elf/lib/mno-hw-mul/fstack-limit-register-et\libc.a(lib_a-memmove.o)
 .text.memmove  0x000000000005f4ec      0x15c c:/intelfpga_lite/16.1/nios2eds/bin/gnu/h-x86_64-mingw32/bin/../lib/gcc/nios2-elf/5.3.0/../../../../../H-x86_64-mingw32/nios2-elf/lib/mno-hw-mul/fstack-limit-register-et\libc.a(lib_a-memmove.o)
                0x000000000005f4ec                memmove
 .text          0x000000000005f648        0x0 c:/intelfpga_lite/16.1/nios2eds/bin/gnu/h-x86_64-mingw32/bin/../lib/gcc/nios2-elf/5.3.0/../../../../../H-x86_64-mingw32/nios2-elf/lib/mno-hw-mul/fstack-limit-register-et\libc.a(lib_a-mprec.o)
 .text._Balloc  0x000000000005f648       0xb0 c:/intelfpga_lite/16.1/nios2eds/bin/gnu/h-x86_64-mingw32/bin/../lib/gcc/nios2-elf/5.3.0/../../../../../H-x86_64-mingw32/nios2-elf/lib/mno-hw-mul/fstack-limit-register-et\libc.a(lib_a-mprec.o)
                0x000000000005f648                _Balloc
 .text._Bfree   0x000000000005f6f8       0x28 c:/intelfpga_lite/16.1/nios2eds/bin/gnu/h-x86_64-mingw32/bin/../lib/gcc/nios2-elf/5.3.0/../../../../../H-x86_64-mingw32/nios2-elf/lib/mno-hw-mul/fstack-limit-register-et\libc.a(lib_a-mprec.o)
                0x000000000005f6f8                _Bfree
 .text.__multadd
                0x000000000005f720      0x150 c:/intelfpga_lite/16.1/nios2eds/bin/gnu/h-x86_64-mingw32/bin/../lib/gcc/nios2-elf/5.3.0/../../../../../H-x86_64-mingw32/nios2-elf/lib/mno-hw-mul/fstack-limit-register-et\libc.a(lib_a-mprec.o)
                0x000000000005f720                __multadd
 .text.__s2b    0x000000000005f870      0x10c c:/intelfpga_lite/16.1/nios2eds/bin/gnu/h-x86_64-mingw32/bin/../lib/gcc/nios2-elf/5.3.0/../../../../../H-x86_64-mingw32/nios2-elf/lib/mno-hw-mul/fstack-limit-register-et\libc.a(lib_a-mprec.o)
                0x000000000005f870                __s2b
 .text.__hi0bits
                0x000000000005f97c       0x68 c:/intelfpga_lite/16.1/nios2eds/bin/gnu/h-x86_64-mingw32/bin/../lib/gcc/nios2-elf/5.3.0/../../../../../H-x86_64-mingw32/nios2-elf/lib/mno-hw-mul/fstack-limit-register-et\libc.a(lib_a-mprec.o)
                0x000000000005f97c                __hi0bits
 .text.__lo0bits
                0x000000000005f9e4       0xb0 c:/intelfpga_lite/16.1/nios2eds/bin/gnu/h-x86_64-mingw32/bin/../lib/gcc/nios2-elf/5.3.0/../../../../../H-x86_64-mingw32/nios2-elf/lib/mno-hw-mul/fstack-limit-register-et\libc.a(lib_a-mprec.o)
                0x000000000005f9e4                __lo0bits
 .text.__i2b    0x000000000005fa94       0x44 c:/intelfpga_lite/16.1/nios2eds/bin/gnu/h-x86_64-mingw32/bin/../lib/gcc/nios2-elf/5.3.0/../../../../../H-x86_64-mingw32/nios2-elf/lib/mno-hw-mul/fstack-limit-register-et\libc.a(lib_a-mprec.o)
                0x000000000005fa94                __i2b
 .text.__multiply
                0x000000000005fad8      0x294 c:/intelfpga_lite/16.1/nios2eds/bin/gnu/h-x86_64-mingw32/bin/../lib/gcc/nios2-elf/5.3.0/../../../../../H-x86_64-mingw32/nios2-elf/lib/mno-hw-mul/fstack-limit-register-et\libc.a(lib_a-mprec.o)
                0x000000000005fad8                __multiply
 .text.__pow5mult
                0x000000000005fd6c      0x148 c:/intelfpga_lite/16.1/nios2eds/bin/gnu/h-x86_64-mingw32/bin/../lib/gcc/nios2-elf/5.3.0/../../../../../H-x86_64-mingw32/nios2-elf/lib/mno-hw-mul/fstack-limit-register-et\libc.a(lib_a-mprec.o)
                0x000000000005fd6c                __pow5mult
 .text.__lshift
                0x000000000005feb4      0x150 c:/intelfpga_lite/16.1/nios2eds/bin/gnu/h-x86_64-mingw32/bin/../lib/gcc/nios2-elf/5.3.0/../../../../../H-x86_64-mingw32/nios2-elf/lib/mno-hw-mul/fstack-limit-register-et\libc.a(lib_a-mprec.o)
                0x000000000005feb4                __lshift
 .text.__mcmp   0x0000000000060004       0x60 c:/intelfpga_lite/16.1/nios2eds/bin/gnu/h-x86_64-mingw32/bin/../lib/gcc/nios2-elf/5.3.0/../../../../../H-x86_64-mingw32/nios2-elf/lib/mno-hw-mul/fstack-limit-register-et\libc.a(lib_a-mprec.o)
                0x0000000000060004                __mcmp
 .text.__mdiff  0x0000000000060064      0x204 c:/intelfpga_lite/16.1/nios2eds/bin/gnu/h-x86_64-mingw32/bin/../lib/gcc/nios2-elf/5.3.0/../../../../../H-x86_64-mingw32/nios2-elf/lib/mno-hw-mul/fstack-limit-register-et\libc.a(lib_a-mprec.o)
                0x0000000000060064                __mdiff
 .text.__ulp    0x0000000000060268       0x64 c:/intelfpga_lite/16.1/nios2eds/bin/gnu/h-x86_64-mingw32/bin/../lib/gcc/nios2-elf/5.3.0/../../../../../H-x86_64-mingw32/nios2-elf/lib/mno-hw-mul/fstack-limit-register-et\libc.a(lib_a-mprec.o)
                0x0000000000060268                __ulp
 .text.__b2d    0x00000000000602cc      0x114 c:/intelfpga_lite/16.1/nios2eds/bin/gnu/h-x86_64-mingw32/bin/../lib/gcc/nios2-elf/5.3.0/../../../../../H-x86_64-mingw32/nios2-elf/lib/mno-hw-mul/fstack-limit-register-et\libc.a(lib_a-mprec.o)
                0x00000000000602cc                __b2d
 .text.__d2b    0x00000000000603e0      0x154 c:/intelfpga_lite/16.1/nios2eds/bin/gnu/h-x86_64-mingw32/bin/../lib/gcc/nios2-elf/5.3.0/../../../../../H-x86_64-mingw32/nios2-elf/lib/mno-hw-mul/fstack-limit-register-et\libc.a(lib_a-mprec.o)
                0x00000000000603e0                __d2b
 .text.__ratio  0x0000000000060534       0xac c:/intelfpga_lite/16.1/nios2eds/bin/gnu/h-x86_64-mingw32/bin/../lib/gcc/nios2-elf/5.3.0/../../../../../H-x86_64-mingw32/nios2-elf/lib/mno-hw-mul/fstack-limit-register-et\libc.a(lib_a-mprec.o)
                0x0000000000060534                __ratio
 .text._mprec_log10
                0x00000000000605e0       0x7c c:/intelfpga_lite/16.1/nios2eds/bin/gnu/h-x86_64-mingw32/bin/../lib/gcc/nios2-elf/5.3.0/../../../../../H-x86_64-mingw32/nios2-elf/lib/mno-hw-mul/fstack-limit-register-et\libc.a(lib_a-mprec.o)
                0x00000000000605e0                _mprec_log10
 .text.__copybits
                0x000000000006065c       0x78 c:/intelfpga_lite/16.1/nios2eds/bin/gnu/h-x86_64-mingw32/bin/../lib/gcc/nios2-elf/5.3.0/../../../../../H-x86_64-mingw32/nios2-elf/lib/mno-hw-mul/fstack-limit-register-et\libc.a(lib_a-mprec.o)
                0x000000000006065c                __copybits
 .text.__any_on
                0x00000000000606d4       0x8c c:/intelfpga_lite/16.1/nios2eds/bin/gnu/h-x86_64-mingw32/bin/../lib/gcc/nios2-elf/5.3.0/../../../../../H-x86_64-mingw32/nios2-elf/lib/mno-hw-mul/fstack-limit-register-et\libc.a(lib_a-mprec.o)
                0x00000000000606d4                __any_on
 .text          0x0000000000060760        0x0 c:/intelfpga_lite/16.1/nios2eds/bin/gnu/h-x86_64-mingw32/bin/../lib/gcc/nios2-elf/5.3.0/../../../../../H-x86_64-mingw32/nios2-elf/lib/mno-hw-mul/fstack-limit-register-et\libc.a(lib_a-readr.o)
 .text._read_r  0x0000000000060760       0x68 c:/intelfpga_lite/16.1/nios2eds/bin/gnu/h-x86_64-mingw32/bin/../lib/gcc/nios2-elf/5.3.0/../../../../../H-x86_64-mingw32/nios2-elf/lib/mno-hw-mul/fstack-limit-register-et\libc.a(lib_a-readr.o)
                0x0000000000060760                _read_r
 .text          0x00000000000607c8        0x0 c:/intelfpga_lite/16.1/nios2eds/bin/gnu/h-x86_64-mingw32/bin/../lib/gcc/nios2-elf/5.3.0/../../../../../H-x86_64-mingw32/nios2-elf/lib/mno-hw-mul/fstack-limit-register-et\libc.a(lib_a-reallocr.o)
 .text._realloc_r
                0x00000000000607c8      0x56c c:/intelfpga_lite/16.1/nios2eds/bin/gnu/h-x86_64-mingw32/bin/../lib/gcc/nios2-elf/5.3.0/../../../../../H-x86_64-mingw32/nios2-elf/lib/mno-hw-mul/fstack-limit-register-et\libc.a(lib_a-reallocr.o)
                0x00000000000607c8                _realloc_r
 .text          0x0000000000060d34        0x0 c:/intelfpga_lite/16.1/nios2eds/bin/gnu/h-x86_64-mingw32/bin/../lib/gcc/nios2-elf/5.3.0/../../../../../H-x86_64-mingw32/nios2-elf/lib/mno-hw-mul/fstack-limit-register-et\libc.a(lib_a-strcmp.o)
 .text.strcmp   0x0000000000060d34       0xdc c:/intelfpga_lite/16.1/nios2eds/bin/gnu/h-x86_64-mingw32/bin/../lib/gcc/nios2-elf/5.3.0/../../../../../H-x86_64-mingw32/nios2-elf/lib/mno-hw-mul/fstack-limit-register-et\libc.a(lib_a-strcmp.o)
                0x0000000000060d34                strcmp
 .text          0x0000000000060e10        0x0 c:/intelfpga_lite/16.1/nios2eds/bin/gnu/h-x86_64-mingw32/bin/../lib/gcc/nios2-elf/5.3.0/../../../../../H-x86_64-mingw32/nios2-elf/lib/mno-hw-mul/fstack-limit-register-et\libc.a(lib_a-vfiprintf.o)
 .text.__sprint_r.part.0
                0x0000000000060e10      0x104 c:/intelfpga_lite/16.1/nios2eds/bin/gnu/h-x86_64-mingw32/bin/../lib/gcc/nios2-elf/5.3.0/../../../../../H-x86_64-mingw32/nios2-elf/lib/mno-hw-mul/fstack-limit-register-et\libc.a(lib_a-vfiprintf.o)
 .text.__sprint_r
                0x0000000000060f14       0x18 c:/intelfpga_lite/16.1/nios2eds/bin/gnu/h-x86_64-mingw32/bin/../lib/gcc/nios2-elf/5.3.0/../../../../../H-x86_64-mingw32/nios2-elf/lib/mno-hw-mul/fstack-limit-register-et\libc.a(lib_a-vfiprintf.o)
                0x0000000000060f14                __sprint_r
 .text.___vfiprintf_internal_r
                0x0000000000060f2c     0x1514 c:/intelfpga_lite/16.1/nios2eds/bin/gnu/h-x86_64-mingw32/bin/../lib/gcc/nios2-elf/5.3.0/../../../../../H-x86_64-mingw32/nios2-elf/lib/mno-hw-mul/fstack-limit-register-et\libc.a(lib_a-vfiprintf.o)
                0x0000000000060f2c                ___vfiprintf_internal_r
 .text.__vfiprintf_internal
                0x0000000000062440       0x1c c:/intelfpga_lite/16.1/nios2eds/bin/gnu/h-x86_64-mingw32/bin/../lib/gcc/nios2-elf/5.3.0/../../../../../H-x86_64-mingw32/nios2-elf/lib/mno-hw-mul/fstack-limit-register-et\libc.a(lib_a-vfiprintf.o)
                0x0000000000062440                __vfiprintf_internal
 .text.__sbprintf
                0x000000000006245c       0xc4 c:/intelfpga_lite/16.1/nios2eds/bin/gnu/h-x86_64-mingw32/bin/../lib/gcc/nios2-elf/5.3.0/../../../../../H-x86_64-mingw32/nios2-elf/lib/mno-hw-mul/fstack-limit-register-et\libc.a(lib_a-vfiprintf.o)
 .text          0x0000000000062520        0x0 c:/intelfpga_lite/16.1/nios2eds/bin/gnu/h-x86_64-mingw32/bin/../lib/gcc/nios2-elf/5.3.0/../../../../../H-x86_64-mingw32/nios2-elf/lib/mno-hw-mul/fstack-limit-register-et\libc.a(lib_a-callocr.o)
 .text._calloc_r
                0x0000000000062520       0xe4 c:/intelfpga_lite/16.1/nios2eds/bin/gnu/h-x86_64-mingw32/bin/../lib/gcc/nios2-elf/5.3.0/../../../../../H-x86_64-mingw32/nios2-elf/lib/mno-hw-mul/fstack-limit-register-et\libc.a(lib_a-callocr.o)
                0x0000000000062520                _calloc_r
 .text          0x0000000000062604        0x0 c:/intelfpga_lite/16.1/nios2eds/bin/gnu/h-x86_64-mingw32/bin/../lib/gcc/nios2-elf/5.3.0/../../../../../H-x86_64-mingw32/nios2-elf/lib/mno-hw-mul/fstack-limit-register-et\libc.a(lib_a-fputwc.o)
 .text.__fputwc
                0x0000000000062604      0x16c c:/intelfpga_lite/16.1/nios2eds/bin/gnu/h-x86_64-mingw32/bin/../lib/gcc/nios2-elf/5.3.0/../../../../../H-x86_64-mingw32/nios2-elf/lib/mno-hw-mul/fstack-limit-register-et\libc.a(lib_a-fputwc.o)
                0x0000000000062604                __fputwc
 .text._fputwc_r
                0x0000000000062770       0x24 c:/intelfpga_lite/16.1/nios2eds/bin/gnu/h-x86_64-mingw32/bin/../lib/gcc/nios2-elf/5.3.0/../../../../../H-x86_64-mingw32/nios2-elf/lib/mno-hw-mul/fstack-limit-register-et\libc.a(lib_a-fputwc.o)
                0x0000000000062770                _fputwc_r
 .text.fputwc   0x0000000000062794       0x88 c:/intelfpga_lite/16.1/nios2eds/bin/gnu/h-x86_64-mingw32/bin/../lib/gcc/nios2-elf/5.3.0/../../../../../H-x86_64-mingw32/nios2-elf/lib/mno-hw-mul/fstack-limit-register-et\libc.a(lib_a-fputwc.o)
                0x0000000000062794                fputwc
 .text          0x000000000006281c        0x0 c:/intelfpga_lite/16.1/nios2eds/bin/gnu/h-x86_64-mingw32/bin/../lib/gcc/nios2-elf/5.3.0/../../../../../H-x86_64-mingw32/nios2-elf/lib/mno-hw-mul/fstack-limit-register-et\libc.a(lib_a-fstatr.o)
 .text._fstat_r
                0x000000000006281c       0x64 c:/intelfpga_lite/16.1/nios2eds/bin/gnu/h-x86_64-mingw32/bin/../lib/gcc/nios2-elf/5.3.0/../../../../../H-x86_64-mingw32/nios2-elf/lib/mno-hw-mul/fstack-limit-register-et\libc.a(lib_a-fstatr.o)
                0x000000000006281c                _fstat_r
 .text          0x0000000000062880        0x0 c:/intelfpga_lite/16.1/nios2eds/bin/gnu/h-x86_64-mingw32/bin/../lib/gcc/nios2-elf/5.3.0/../../../../../H-x86_64-mingw32/nios2-elf/lib/mno-hw-mul/fstack-limit-register-et\libc.a(lib_a-isattyr.o)
 .text._isatty_r
                0x0000000000062880       0x5c c:/intelfpga_lite/16.1/nios2eds/bin/gnu/h-x86_64-mingw32/bin/../lib/gcc/nios2-elf/5.3.0/../../../../../H-x86_64-mingw32/nios2-elf/lib/mno-hw-mul/fstack-limit-register-et\libc.a(lib_a-isattyr.o)
                0x0000000000062880                _isatty_r
 .text          0x00000000000628dc        0x0 c:/intelfpga_lite/16.1/nios2eds/bin/gnu/h-x86_64-mingw32/bin/../lib/gcc/nios2-elf/5.3.0/../../../../../H-x86_64-mingw32/nios2-elf/lib/mno-hw-mul/fstack-limit-register-et\libc.a(lib_a-wbuf.o)
 .text.__swbuf_r
                0x00000000000628dc      0x148 c:/intelfpga_lite/16.1/nios2eds/bin/gnu/h-x86_64-mingw32/bin/../lib/gcc/nios2-elf/5.3.0/../../../../../H-x86_64-mingw32/nios2-elf/lib/mno-hw-mul/fstack-limit-register-et\libc.a(lib_a-wbuf.o)
                0x00000000000628dc                __swbuf_r
 .text.__swbuf  0x0000000000062a24       0x18 c:/intelfpga_lite/16.1/nios2eds/bin/gnu/h-x86_64-mingw32/bin/../lib/gcc/nios2-elf/5.3.0/../../../../../H-x86_64-mingw32/nios2-elf/lib/mno-hw-mul/fstack-limit-register-et\libc.a(lib_a-wbuf.o)
                0x0000000000062a24                __swbuf
 .text          0x0000000000062a3c        0x0 c:/intelfpga_lite/16.1/nios2eds/bin/gnu/h-x86_64-mingw32/bin/../lib/gcc/nios2-elf/5.3.0/../../../../../H-x86_64-mingw32/nios2-elf/lib/mno-hw-mul/fstack-limit-register-et\libc.a(lib_a-wcrtomb.o)
 .text._wcrtomb_r
                0x0000000000062a3c       0xa4 c:/intelfpga_lite/16.1/nios2eds/bin/gnu/h-x86_64-mingw32/bin/../lib/gcc/nios2-elf/5.3.0/../../../../../H-x86_64-mingw32/nios2-elf/lib/mno-hw-mul/fstack-limit-register-et\libc.a(lib_a-wcrtomb.o)
                0x0000000000062a3c                _wcrtomb_r
 .text.wcrtomb  0x0000000000062ae0       0xc8 c:/intelfpga_lite/16.1/nios2eds/bin/gnu/h-x86_64-mingw32/bin/../lib/gcc/nios2-elf/5.3.0/../../../../../H-x86_64-mingw32/nios2-elf/lib/mno-hw-mul/fstack-limit-register-et\libc.a(lib_a-wcrtomb.o)
                0x0000000000062ae0                wcrtomb
 .text          0x0000000000062ba8        0x0 c:/intelfpga_lite/16.1/nios2eds/bin/gnu/h-x86_64-mingw32/bin/../lib/gcc/nios2-elf/5.3.0/../../../../../H-x86_64-mingw32/nios2-elf/lib/mno-hw-mul/fstack-limit-register-et\libc.a(lib_a-wctomb_r.o)
 .text.__ascii_wctomb
                0x0000000000062ba8       0x30 c:/intelfpga_lite/16.1/nios2eds/bin/gnu/h-x86_64-mingw32/bin/../lib/gcc/nios2-elf/5.3.0/../../../../../H-x86_64-mingw32/nios2-elf/lib/mno-hw-mul/fstack-limit-register-et\libc.a(lib_a-wctomb_r.o)
                0x0000000000062ba8                __ascii_wctomb
 .text._wctomb_r
                0x0000000000062bd8       0x64 c:/intelfpga_lite/16.1/nios2eds/bin/gnu/h-x86_64-mingw32/bin/../lib/gcc/nios2-elf/5.3.0/../../../../../H-x86_64-mingw32/nios2-elf/lib/mno-hw-mul/fstack-limit-register-et\libc.a(lib_a-wctomb_r.o)
                0x0000000000062bd8                _wctomb_r
 .text          0x0000000000062c3c      0x604 c:/intelfpga_lite/16.1/nios2eds/bin/gnu/h-x86_64-mingw32/bin/../lib/gcc/nios2-elf/5.3.0/mno-hw-mul/fstack-limit-register-et\libgcc.a(_udivdi3.o)
                0x0000000000062c3c                __udivdi3
 .text          0x0000000000063240      0x5cc c:/intelfpga_lite/16.1/nios2eds/bin/gnu/h-x86_64-mingw32/bin/../lib/gcc/nios2-elf/5.3.0/mno-hw-mul/fstack-limit-register-et\libgcc.a(_umoddi3.o)
                0x0000000000063240                __umoddi3
 .text          0x000000000006380c       0xb0 c:/intelfpga_lite/16.1/nios2eds/bin/gnu/h-x86_64-mingw32/bin/../lib/gcc/nios2-elf/5.3.0/mno-hw-mul/fstack-limit-register-et\libgcc.a(floatunsidf.o)
                0x000000000006380c                __floatunsidf
 .text          0x00000000000638bc       0xb8 ../NIOS_2_bsp/\libhal_bsp.a(alt_close.o)
                0x00000000000638bc                close
 .text          0x0000000000063974        0x8 ../NIOS_2_bsp/\libhal_bsp.a(alt_dev.o)
 .text          0x000000000006397c        0x0 ../NIOS_2_bsp/\libhal_bsp.a(alt_errno.o)
 .text          0x000000000006397c       0xd0 ../NIOS_2_bsp/\libhal_bsp.a(alt_fstat.o)
                0x000000000006397c                fstat
 .text          0x0000000000063a4c       0x90 ../NIOS_2_bsp/\libhal_bsp.a(alt_isatty.o)
                0x0000000000063a4c                isatty
 .text          0x0000000000063adc       0xe8 ../NIOS_2_bsp/\libhal_bsp.a(alt_load.o)
                0x0000000000063adc                alt_load
 .text          0x0000000000063bc4       0xd8 ../NIOS_2_bsp/\libhal_bsp.a(alt_lseek.o)
                0x0000000000063bc4                lseek
 .text          0x0000000000063c9c       0x58 ../NIOS_2_bsp/\libhal_bsp.a(alt_main.o)
                0x0000000000063c9c                alt_main
 .text          0x0000000000063cf4        0x8 ../NIOS_2_bsp/\libhal_bsp.a(alt_malloc_lock.o)
                0x0000000000063cf4                __malloc_lock
                0x0000000000063cf8                __malloc_unlock
 .text          0x0000000000063cfc       0xf4 ../NIOS_2_bsp/\libhal_bsp.a(alt_read.o)
                0x0000000000063d10                read
 .text          0x0000000000063df0       0x64 ../NIOS_2_bsp/\libhal_bsp.a(alt_release_fd.o)
                0x0000000000063df0                alt_release_fd
 .text          0x0000000000063e54       0x68 ../NIOS_2_bsp/\libhal_bsp.a(alt_sbrk.o)
                0x0000000000063e54                sbrk
 .text          0x0000000000063ebc       0xf0 ../NIOS_2_bsp/\libhal_bsp.a(alt_write.o)
                0x0000000000063ed0                write
 .text          0x0000000000063fac       0x6c ../NIOS_2_bsp/\libhal_bsp.a(alt_sys_init.o)
                0x0000000000063fac                alt_irq_init
                0x0000000000063fd4                alt_sys_init
 .text          0x0000000000064018       0x3c ../NIOS_2_bsp/\libhal_bsp.a(altera_avalon_jtag_uart_fd.o)
                0x0000000000064018                altera_avalon_jtag_uart_read_fd
                0x0000000000064028                altera_avalon_jtag_uart_write_fd
                0x0000000000064038                altera_avalon_jtag_uart_close_fd
                0x0000000000064048                altera_avalon_jtag_uart_ioctl_fd
 .text          0x0000000000064054      0x1e0 ../NIOS_2_bsp/\libhal_bsp.a(altera_avalon_jtag_uart_init.o)
                0x0000000000064184                altera_avalon_jtag_uart_init
                0x0000000000064204                altera_avalon_jtag_uart_close
 .text          0x0000000000064234       0x74 ../NIOS_2_bsp/\libhal_bsp.a(altera_avalon_jtag_uart_ioctl.o)
                0x0000000000064234                altera_avalon_jtag_uart_ioctl
 .text          0x00000000000642a8      0x148 ../NIOS_2_bsp/\libhal_bsp.a(altera_avalon_jtag_uart_read.o)
                0x00000000000642a8                altera_avalon_jtag_uart_read
 .text          0x00000000000643f0      0x178 ../NIOS_2_bsp/\libhal_bsp.a(altera_avalon_jtag_uart_write.o)
                0x00000000000643f0                altera_avalon_jtag_uart_write
 .text          0x0000000000064568       0x80 ../NIOS_2_bsp/\libhal_bsp.a(alt_alarm_start.o)
                0x0000000000064568                alt_alarm_start
 .text          0x00000000000645e8        0x4 ../NIOS_2_bsp/\libhal_bsp.a(alt_dcache_flush_all.o)
                0x00000000000645e8                alt_dcache_flush_all
 .text          0x00000000000645ec       0x74 ../NIOS_2_bsp/\libhal_bsp.a(alt_dev_llist_insert.o)
                0x00000000000645ec                alt_dev_llist_insert
 .text          0x0000000000064660        0x4 ../NIOS_2_bsp/\libhal_bsp.a(alt_icache_flush_all.o)
                0x0000000000064660                alt_icache_flush_all
 .text          0x0000000000064664       0x8c ../NIOS_2_bsp/\libhal_bsp.a(alt_iic.o)
                0x0000000000064664                alt_ic_isr_register
                0x0000000000064668                alt_ic_irq_enable
                0x00000000000646a0                alt_ic_irq_disable
                0x00000000000646d8                alt_ic_irq_enabled
 .text          0x00000000000646f0       0x70 ../NIOS_2_bsp/\libhal_bsp.a(alt_iic_isr_register.o)
                0x00000000000646f0                alt_iic_isr_register
 .text          0x0000000000064760      0x10c ../NIOS_2_bsp/\libhal_bsp.a(alt_io_redirect.o)
                0x00000000000647f0                alt_io_redirect
 .text          0x000000000006486c        0x0 ../NIOS_2_bsp/\libhal_bsp.a(alt_irq_entry.o)
 .text          0x000000000006486c        0x0 ../NIOS_2_bsp/\libhal_bsp.a(alt_irq_handler.o)
 .text          0x000000000006486c        0x0 ../NIOS_2_bsp/\libhal_bsp.a(alt_irq_vars.o)
 .text          0x000000000006486c      0x1a8 ../NIOS_2_bsp/\libhal_bsp.a(alt_open.o)
                0x000000000006486c                open
 .text          0x0000000000064a14       0xf4 ../NIOS_2_bsp/\libhal_bsp.a(alt_tick.o)
                0x0000000000064a14                alt_alarm_stop
                0x0000000000064a48                alt_tick
 .text          0x0000000000064b08        0x8 ../NIOS_2_bsp/\libhal_bsp.a(altera_nios2_gen2_irq.o)
                0x0000000000064b08                altera_nios2_gen2_irq_init
 .text          0x0000000000064b10        0x0 ../NIOS_2_bsp/\libhal_bsp.a(alt_exception_entry.o)
 .text          0x0000000000064b10       0x7c ../NIOS_2_bsp/\libhal_bsp.a(alt_find_dev.o)
                0x0000000000064b10                alt_find_dev
 .text          0x0000000000064b8c       0xac ../NIOS_2_bsp/\libhal_bsp.a(alt_find_file.o)
                0x0000000000064b8c                alt_find_file
 .text          0x0000000000064c38       0x8c ../NIOS_2_bsp/\libhal_bsp.a(alt_get_fd.o)
                0x0000000000064c38                alt_get_fd
 .text          0x0000000000064cc4       0x74 ../NIOS_2_bsp/\libhal_bsp.a(alt_instruction_exception_entry.o)
                0x0000000000064cc4                alt_exception_cause_generated_bad_addr
 .text          0x0000000000064d38        0x0 c:/intelfpga_lite/16.1/nios2eds/bin/gnu/h-x86_64-mingw32/bin/../lib/gcc/nios2-elf/5.3.0/../../../../../H-x86_64-mingw32/nios2-elf/lib/mno-hw-mul/fstack-limit-register-et\libc.a(lib_a-exit.o)
 .text.exit     0x0000000000064d38       0x40 c:/intelfpga_lite/16.1/nios2eds/bin/gnu/h-x86_64-mingw32/bin/../lib/gcc/nios2-elf/5.3.0/../../../../../H-x86_64-mingw32/nios2-elf/lib/mno-hw-mul/fstack-limit-register-et\libc.a(lib_a-exit.o)
                0x0000000000064d38                exit
 .text          0x0000000000064d78        0x0 c:/intelfpga_lite/16.1/nios2eds/bin/gnu/h-x86_64-mingw32/bin/../lib/gcc/nios2-elf/5.3.0/../../../../../H-x86_64-mingw32/nios2-elf/lib/mno-hw-mul/fstack-limit-register-et\libc.a(lib_a-memcmp.o)
 .text.memcmp   0x0000000000064d78       0x7c c:/intelfpga_lite/16.1/nios2eds/bin/gnu/h-x86_64-mingw32/bin/../lib/gcc/nios2-elf/5.3.0/../../../../../H-x86_64-mingw32/nios2-elf/lib/mno-hw-mul/fstack-limit-register-et\libc.a(lib_a-memcmp.o)
                0x0000000000064d78                memcmp
 .text          0x0000000000064df4        0x0 c:/intelfpga_lite/16.1/nios2eds/bin/gnu/h-x86_64-mingw32/bin/../lib/gcc/nios2-elf/5.3.0/../../../../../H-x86_64-mingw32/nios2-elf/lib/mno-hw-mul/fstack-limit-register-et\libc.a(lib_a-__call_atexit.o)
 .text.__call_exitprocs
                0x0000000000064df4      0x188 c:/intelfpga_lite/16.1/nios2eds/bin/gnu/h-x86_64-mingw32/bin/../lib/gcc/nios2-elf/5.3.0/../../../../../H-x86_64-mingw32/nios2-elf/lib/mno-hw-mul/fstack-limit-register-et\libc.a(lib_a-__call_atexit.o)
                0x0000000000064df4                __call_exitprocs
 .text          0x0000000000064f7c       0x14 ../NIOS_2_bsp/\libhal_bsp.a(alt_exit.o)
                0x0000000000064f7c                _exit
 *(.gnu.warning.*)
 *(.fini)
                [!provide]                        PROVIDE (__etext, ABSOLUTE (.))
                [!provide]                        PROVIDE (_etext, ABSOLUTE (.))
                [!provide]                        PROVIDE (etext, ABSOLUTE (.))
 *(.eh_frame_hdr)
                0x0000000000064f90                . = ALIGN (0x4)
                [!provide]                        PROVIDE (__preinit_array_start, ABSOLUTE (.))
 *(.preinit_array)
                [!provide]                        PROVIDE (__preinit_array_end, ABSOLUTE (.))
                [!provide]                        PROVIDE (__init_array_start, ABSOLUTE (.))
 *(.init_array)
                [!provide]                        PROVIDE (__init_array_end, ABSOLUTE (.))
                [!provide]                        PROVIDE (__fini_array_start, ABSOLUTE (.))
 *(.fini_array)
                [!provide]                        PROVIDE (__fini_array_end, ABSOLUTE (.))
 *(.eh_frame)
 *(.gcc_except_table .gcc_except_table.*)
 *(.dynamic)
                [!provide]                        PROVIDE (__CTOR_LIST__, ABSOLUTE (.))
 *(.ctors)
 *(SORT(.ctors.*))
                [!provide]                        PROVIDE (__CTOR_END__, ABSOLUTE (.))
                [!provide]                        PROVIDE (__DTOR_LIST__, ABSOLUTE (.))
 *(.dtors)
 *(SORT(.dtors.*))
                [!provide]                        PROVIDE (__DTOR_END__, ABSOLUTE (.))
 *(.jcr)
                0x0000000000064f90                . = ALIGN (0x4)

.rodata         0x0000000000064f90     0x185c
                0x0000000000064f90                PROVIDE (__ram_rodata_start, ABSOLUTE (.))
                0x0000000000064f90                . = ALIGN (0x4)
 *(.rodata .rodata.* .gnu.linkonce.r.*)
 .rodata.str1.4
                0x0000000000064f90       0xdf obj/default/ert_main.o
 *fill*         0x000000000006506f        0x1 
 .rodata        0x0000000000065070      0x318 obj/default/ert_main.o
                0x0000000000065070                Inputs
 .rodata        0x0000000000065388      0x9cc obj/default/fsw_lib.o
 .rodata        0x0000000000065d54      0x558 obj/default/fsw_lib_data.o
                0x0000000000065d54                rtConstP
                0x000000000006618c                rtConstB
 .rodata.str1.4
                0x00000000000662ac        0x5 c:/intelfpga_lite/16.1/nios2eds/bin/gnu/h-x86_64-mingw32/bin/../lib/gcc/nios2-elf/5.3.0/../../../../../H-x86_64-mingw32/nios2-elf/lib/mno-hw-mul/fstack-limit-register-et\libm.a(lib_a-w_acos.o)
                                          0x9 (size before relaxing)
 *fill*         0x00000000000662b1        0x3 
 .rodata.str1.4
                0x00000000000662b4        0x5 c:/intelfpga_lite/16.1/nios2eds/bin/gnu/h-x86_64-mingw32/bin/../lib/gcc/nios2-elf/5.3.0/../../../../../H-x86_64-mingw32/nios2-elf/lib/mno-hw-mul/fstack-limit-register-et\libm.a(lib_a-w_fmod.o)
 *fill*         0x00000000000662b9        0x3 
 .rodata.str1.4
                0x00000000000662bc        0x4 c:/intelfpga_lite/16.1/nios2eds/bin/gnu/h-x86_64-mingw32/bin/../lib/gcc/nios2-elf/5.3.0/../../../../../H-x86_64-mingw32/nios2-elf/lib/mno-hw-mul/fstack-limit-register-et\libm.a(lib_a-w_pow.o)
 .rodata.str1.4
                0x00000000000662c0        0x5 c:/intelfpga_lite/16.1/nios2eds/bin/gnu/h-x86_64-mingw32/bin/../lib/gcc/nios2-elf/5.3.0/../../../../../H-x86_64-mingw32/nios2-elf/lib/mno-hw-mul/fstack-limit-register-et\libm.a(lib_a-w_sqrt.o)
 *fill*         0x00000000000662c5        0x3 
 .rodata.Zero   0x00000000000662c8       0x10 c:/intelfpga_lite/16.1/nios2eds/bin/gnu/h-x86_64-mingw32/bin/../lib/gcc/nios2-elf/5.3.0/../../../../../H-x86_64-mingw32/nios2-elf/lib/mno-hw-mul/fstack-limit-register-et\libm.a(lib_a-e_fmod.o)
 .rodata.str1.4
                0x00000000000662d8        0x1 c:/intelfpga_lite/16.1/nios2eds/bin/gnu/h-x86_64-mingw32/bin/../lib/gcc/nios2-elf/5.3.0/../../../../../H-x86_64-mingw32/nios2-elf/lib/mno-hw-mul/fstack-limit-register-et\libm.a(lib_a-e_pow.o)
 .rodata.npio2_hw
                0x00000000000662d8       0x80 c:/intelfpga_lite/16.1/nios2eds/bin/gnu/h-x86_64-mingw32/bin/../lib/gcc/nios2-elf/5.3.0/../../../../../H-x86_64-mingw32/nios2-elf/lib/mno-hw-mul/fstack-limit-register-et\libm.a(lib_a-e_rem_pio2.o)
 .rodata.two_over_pi
                0x0000000000066358      0x108 c:/intelfpga_lite/16.1/nios2eds/bin/gnu/h-x86_64-mingw32/bin/../lib/gcc/nios2-elf/5.3.0/../../../../../H-x86_64-mingw32/nios2-elf/lib/mno-hw-mul/fstack-limit-register-et\libm.a(lib_a-e_rem_pio2.o)
 .rodata.PIo2   0x0000000000066460       0x40 c:/intelfpga_lite/16.1/nios2eds/bin/gnu/h-x86_64-mingw32/bin/../lib/gcc/nios2-elf/5.3.0/../../../../../H-x86_64-mingw32/nios2-elf/lib/mno-hw-mul/fstack-limit-register-et\libm.a(lib_a-k_rem_pio2.o)
 .rodata.init_jk
                0x00000000000664a0       0x10 c:/intelfpga_lite/16.1/nios2eds/bin/gnu/h-x86_64-mingw32/bin/../lib/gcc/nios2-elf/5.3.0/../../../../../H-x86_64-mingw32/nios2-elf/lib/mno-hw-mul/fstack-limit-register-et\libm.a(lib_a-k_rem_pio2.o)
 .rodata.atanlo
                0x00000000000664b0       0x20 c:/intelfpga_lite/16.1/nios2eds/bin/gnu/h-x86_64-mingw32/bin/../lib/gcc/nios2-elf/5.3.0/../../../../../H-x86_64-mingw32/nios2-elf/lib/mno-hw-mul/fstack-limit-register-et\libm.a(lib_a-s_atan.o)
 .rodata.atanhi
                0x00000000000664d0       0x20 c:/intelfpga_lite/16.1/nios2eds/bin/gnu/h-x86_64-mingw32/bin/../lib/gcc/nios2-elf/5.3.0/../../../../../H-x86_64-mingw32/nios2-elf/lib/mno-hw-mul/fstack-limit-register-et\libm.a(lib_a-s_atan.o)
 .rodata.TWO52  0x00000000000664f0       0x10 c:/intelfpga_lite/16.1/nios2eds/bin/gnu/h-x86_64-mingw32/bin/../lib/gcc/nios2-elf/5.3.0/../../../../../H-x86_64-mingw32/nios2-elf/lib/mno-hw-mul/fstack-limit-register-et\libm.a(lib_a-s_rint.o)
 .rodata        0x0000000000066500      0x100 c:/intelfpga_lite/16.1/nios2eds/bin/gnu/h-x86_64-mingw32/bin/../lib/gcc/nios2-elf/5.3.0/mno-hw-mul/fstack-limit-register-et\libgcc.a(_clz.o)
                0x0000000000066500                __clz_tab
 .rodata.str1.4
                0x0000000000066600        0x2 c:/intelfpga_lite/16.1/nios2eds/bin/gnu/h-x86_64-mingw32/bin/../lib/gcc/nios2-elf/5.3.0/../../../../../H-x86_64-mingw32/nios2-elf/lib/mno-hw-mul/fstack-limit-register-et\libc.a(lib_a-impure.o)
 *fill*         0x0000000000066602        0x2 
 .rodata.str1.4
                0x0000000000066604        0x2 c:/intelfpga_lite/16.1/nios2eds/bin/gnu/h-x86_64-mingw32/bin/../lib/gcc/nios2-elf/5.3.0/../../../../../H-x86_64-mingw32/nios2-elf/lib/mno-hw-mul/fstack-limit-register-et\libc.a(lib_a-puts.o)
 *fill*         0x0000000000066606        0x2 
 .rodata.str1.4
                0x0000000000066608       0x42 c:/intelfpga_lite/16.1/nios2eds/bin/gnu/h-x86_64-mingw32/bin/../lib/gcc/nios2-elf/5.3.0/../../../../../H-x86_64-mingw32/nios2-elf/lib/mno-hw-mul/fstack-limit-register-et\libc.a(lib_a-vfprintf.o)
 .rodata.zeroes.4404
                0x000000000006664a       0x10 c:/intelfpga_lite/16.1/nios2eds/bin/gnu/h-x86_64-mingw32/bin/../lib/gcc/nios2-elf/5.3.0/../../../../../H-x86_64-mingw32/nios2-elf/lib/mno-hw-mul/fstack-limit-register-et\libc.a(lib_a-vfprintf.o)
 .rodata.blanks.4403
                0x000000000006665a       0x10 c:/intelfpga_lite/16.1/nios2eds/bin/gnu/h-x86_64-mingw32/bin/../lib/gcc/nios2-elf/5.3.0/../../../../../H-x86_64-mingw32/nios2-elf/lib/mno-hw-mul/fstack-limit-register-et\libc.a(lib_a-vfprintf.o)
 *fill*         0x000000000006666a        0x2 
 .rodata.str1.4
                0x000000000006666c       0x10 c:/intelfpga_lite/16.1/nios2eds/bin/gnu/h-x86_64-mingw32/bin/../lib/gcc/nios2-elf/5.3.0/../../../../../H-x86_64-mingw32/nios2-elf/lib/mno-hw-mul/fstack-limit-register-et\libc.a(lib_a-dtoa.o)
                                         0x12 (size before relaxing)
 .rodata.str1.4
                0x000000000006667c        0xa c:/intelfpga_lite/16.1/nios2eds/bin/gnu/h-x86_64-mingw32/bin/../lib/gcc/nios2-elf/5.3.0/../../../../../H-x86_64-mingw32/nios2-elf/lib/mno-hw-mul/fstack-limit-register-et\libc.a(lib_a-locale.o)
                                         0x12 (size before relaxing)
 *fill*         0x0000000000066686        0x2 
 .rodata.p05.2768
                0x0000000000066688        0xc c:/intelfpga_lite/16.1/nios2eds/bin/gnu/h-x86_64-mingw32/bin/../lib/gcc/nios2-elf/5.3.0/../../../../../H-x86_64-mingw32/nios2-elf/lib/mno-hw-mul/fstack-limit-register-et\libc.a(lib_a-mprec.o)
 .rodata.__mprec_tinytens
                0x0000000000066694       0x28 c:/intelfpga_lite/16.1/nios2eds/bin/gnu/h-x86_64-mingw32/bin/../lib/gcc/nios2-elf/5.3.0/../../../../../H-x86_64-mingw32/nios2-elf/lib/mno-hw-mul/fstack-limit-register-et\libc.a(lib_a-mprec.o)
                0x0000000000066694                __mprec_tinytens
 .rodata.__mprec_bigtens
                0x00000000000666bc       0x28 c:/intelfpga_lite/16.1/nios2eds/bin/gnu/h-x86_64-mingw32/bin/../lib/gcc/nios2-elf/5.3.0/../../../../../H-x86_64-mingw32/nios2-elf/lib/mno-hw-mul/fstack-limit-register-et\libc.a(lib_a-mprec.o)
                0x00000000000666bc                __mprec_bigtens
 .rodata.__mprec_tens
                0x00000000000666e4       0xc8 c:/intelfpga_lite/16.1/nios2eds/bin/gnu/h-x86_64-mingw32/bin/../lib/gcc/nios2-elf/5.3.0/../../../../../H-x86_64-mingw32/nios2-elf/lib/mno-hw-mul/fstack-limit-register-et\libc.a(lib_a-mprec.o)
                0x00000000000666e4                __mprec_tens
 .rodata.str1.4
                0x00000000000667ac       0x2f c:/intelfpga_lite/16.1/nios2eds/bin/gnu/h-x86_64-mingw32/bin/../lib/gcc/nios2-elf/5.3.0/../../../../../H-x86_64-mingw32/nios2-elf/lib/mno-hw-mul/fstack-limit-register-et\libc.a(lib_a-vfiprintf.o)
 .rodata.zeroes.4349
                0x00000000000667ac       0x10 c:/intelfpga_lite/16.1/nios2eds/bin/gnu/h-x86_64-mingw32/bin/../lib/gcc/nios2-elf/5.3.0/../../../../../H-x86_64-mingw32/nios2-elf/lib/mno-hw-mul/fstack-limit-register-et\libc.a(lib_a-vfiprintf.o)
 .rodata.blanks.4348
                0x00000000000667bc       0x10 c:/intelfpga_lite/16.1/nios2eds/bin/gnu/h-x86_64-mingw32/bin/../lib/gcc/nios2-elf/5.3.0/../../../../../H-x86_64-mingw32/nios2-elf/lib/mno-hw-mul/fstack-limit-register-et\libc.a(lib_a-vfiprintf.o)
 .rodata.str1.4
                0x00000000000667cc        0xa ../NIOS_2_bsp/\libhal_bsp.a(alt_dev.o)
 *fill*         0x00000000000667d6        0x2 
 .rodata.str1.4
                0x00000000000667d8       0x14 ../NIOS_2_bsp/\libhal_bsp.a(alt_main.o)
                                         0x11 (size before relaxing)
 .rodata.str1.4
                0x00000000000667ec       0x11 ../NIOS_2_bsp/\libhal_bsp.a(alt_sys_init.o)
 *(.rodata1)
                0x0000000000066800                . = ALIGN (0x4)
                0x0000000000066800                PROVIDE (__ram_rodata_end, ABSOLUTE (.))
                0x0000000000064f90                PROVIDE (__flash_rodata_start, LOADADDR (.rodata))

.rwdata         0x00000000000667ec     0x1b04 load address 0x00000000000682f0
                0x00000000000667ec                PROVIDE (__ram_rwdata_start, ABSOLUTE (.))
                0x00000000000667ec                . = ALIGN (0x4)
 *(.got.plt)
 *(.got)
 *(.data1)
 *(.data .data.* .gnu.linkonce.d.*)
 .data          0x00000000000667ec        0x0 ../NIOS_2_bsp//obj/HAL/src/crt0.o
 .data          0x00000000000667ec        0x0 obj/default/ert_main.o
 .data          0x00000000000667ec        0x0 obj/default/fsw_lib.o
 .data          0x00000000000667ec        0x0 obj/default/fsw_lib_data.o
 .data          0x00000000000667ec        0x0 c:/intelfpga_lite/16.1/nios2eds/bin/gnu/h-x86_64-mingw32/bin/../lib/gcc/nios2-elf/5.3.0/../../../../../H-x86_64-mingw32/nios2-elf/lib/mno-hw-mul/fstack-limit-register-et\libm.a(lib_a-s_ceil.o)
 .data          0x00000000000667ec        0x0 c:/intelfpga_lite/16.1/nios2eds/bin/gnu/h-x86_64-mingw32/bin/../lib/gcc/nios2-elf/5.3.0/../../../../../H-x86_64-mingw32/nios2-elf/lib/mno-hw-mul/fstack-limit-register-et\libm.a(lib_a-s_cos.o)
 .data          0x00000000000667ec        0x0 c:/intelfpga_lite/16.1/nios2eds/bin/gnu/h-x86_64-mingw32/bin/../lib/gcc/nios2-elf/5.3.0/../../../../../H-x86_64-mingw32/nios2-elf/lib/mno-hw-mul/fstack-limit-register-et\libm.a(lib_a-s_floor.o)
 .data          0x00000000000667ec        0x0 c:/intelfpga_lite/16.1/nios2eds/bin/gnu/h-x86_64-mingw32/bin/../lib/gcc/nios2-elf/5.3.0/../../../../../H-x86_64-mingw32/nios2-elf/lib/mno-hw-mul/fstack-limit-register-et\libm.a(lib_a-s_sin.o)
 .data          0x00000000000667ec        0x0 c:/intelfpga_lite/16.1/nios2eds/bin/gnu/h-x86_64-mingw32/bin/../lib/gcc/nios2-elf/5.3.0/../../../../../H-x86_64-mingw32/nios2-elf/lib/mno-hw-mul/fstack-limit-register-et\libm.a(lib_a-w_acos.o)
 .data          0x00000000000667ec        0x0 c:/intelfpga_lite/16.1/nios2eds/bin/gnu/h-x86_64-mingw32/bin/../lib/gcc/nios2-elf/5.3.0/../../../../../H-x86_64-mingw32/nios2-elf/lib/mno-hw-mul/fstack-limit-register-et\libm.a(lib_a-w_atan2.o)
 .data          0x00000000000667ec        0x0 c:/intelfpga_lite/16.1/nios2eds/bin/gnu/h-x86_64-mingw32/bin/../lib/gcc/nios2-elf/5.3.0/../../../../../H-x86_64-mingw32/nios2-elf/lib/mno-hw-mul/fstack-limit-register-et\libm.a(lib_a-w_fmod.o)
 .data          0x00000000000667ec        0x0 c:/intelfpga_lite/16.1/nios2eds/bin/gnu/h-x86_64-mingw32/bin/../lib/gcc/nios2-elf/5.3.0/../../../../../H-x86_64-mingw32/nios2-elf/lib/mno-hw-mul/fstack-limit-register-et\libm.a(lib_a-w_pow.o)
 .data          0x00000000000667ec        0x0 c:/intelfpga_lite/16.1/nios2eds/bin/gnu/h-x86_64-mingw32/bin/../lib/gcc/nios2-elf/5.3.0/../../../../../H-x86_64-mingw32/nios2-elf/lib/mno-hw-mul/fstack-limit-register-et\libm.a(lib_a-w_sqrt.o)
 .data          0x00000000000667ec        0x0 c:/intelfpga_lite/16.1/nios2eds/bin/gnu/h-x86_64-mingw32/bin/../lib/gcc/nios2-elf/5.3.0/../../../../../H-x86_64-mingw32/nios2-elf/lib/mno-hw-mul/fstack-limit-register-et\libm.a(lib_a-e_acos.o)
 .data          0x00000000000667ec        0x0 c:/intelfpga_lite/16.1/nios2eds/bin/gnu/h-x86_64-mingw32/bin/../lib/gcc/nios2-elf/5.3.0/../../../../../H-x86_64-mingw32/nios2-elf/lib/mno-hw-mul/fstack-limit-register-et\libm.a(lib_a-e_atan2.o)
 .data          0x00000000000667ec        0x0 c:/intelfpga_lite/16.1/nios2eds/bin/gnu/h-x86_64-mingw32/bin/../lib/gcc/nios2-elf/5.3.0/../../../../../H-x86_64-mingw32/nios2-elf/lib/mno-hw-mul/fstack-limit-register-et\libm.a(lib_a-e_fmod.o)
 .data          0x00000000000667ec        0x0 c:/intelfpga_lite/16.1/nios2eds/bin/gnu/h-x86_64-mingw32/bin/../lib/gcc/nios2-elf/5.3.0/../../../../../H-x86_64-mingw32/nios2-elf/lib/mno-hw-mul/fstack-limit-register-et\libm.a(lib_a-e_pow.o)
 .data          0x00000000000667ec        0x0 c:/intelfpga_lite/16.1/nios2eds/bin/gnu/h-x86_64-mingw32/bin/../lib/gcc/nios2-elf/5.3.0/../../../../../H-x86_64-mingw32/nios2-elf/lib/mno-hw-mul/fstack-limit-register-et\libm.a(lib_a-e_rem_pio2.o)
 .data          0x00000000000667ec        0x0 c:/intelfpga_lite/16.1/nios2eds/bin/gnu/h-x86_64-mingw32/bin/../lib/gcc/nios2-elf/5.3.0/../../../../../H-x86_64-mingw32/nios2-elf/lib/mno-hw-mul/fstack-limit-register-et\libm.a(lib_a-e_sqrt.o)
 .data          0x00000000000667ec        0x0 c:/intelfpga_lite/16.1/nios2eds/bin/gnu/h-x86_64-mingw32/bin/../lib/gcc/nios2-elf/5.3.0/../../../../../H-x86_64-mingw32/nios2-elf/lib/mno-hw-mul/fstack-limit-register-et\libm.a(lib_a-k_cos.o)
 .data          0x00000000000667ec        0x0 c:/intelfpga_lite/16.1/nios2eds/bin/gnu/h-x86_64-mingw32/bin/../lib/gcc/nios2-elf/5.3.0/../../../../../H-x86_64-mingw32/nios2-elf/lib/mno-hw-mul/fstack-limit-register-et\libm.a(lib_a-k_rem_pio2.o)
 .data          0x00000000000667ec        0x0 c:/intelfpga_lite/16.1/nios2eds/bin/gnu/h-x86_64-mingw32/bin/../lib/gcc/nios2-elf/5.3.0/../../../../../H-x86_64-mingw32/nios2-elf/lib/mno-hw-mul/fstack-limit-register-et\libm.a(lib_a-k_sin.o)
 .data          0x00000000000667ec        0x0 c:/intelfpga_lite/16.1/nios2eds/bin/gnu/h-x86_64-mingw32/bin/../lib/gcc/nios2-elf/5.3.0/../../../../../H-x86_64-mingw32/nios2-elf/lib/mno-hw-mul/fstack-limit-register-et\libm.a(lib_a-s_atan.o)
 .data          0x00000000000667ec        0x0 c:/intelfpga_lite/16.1/nios2eds/bin/gnu/h-x86_64-mingw32/bin/../lib/gcc/nios2-elf/5.3.0/../../../../../H-x86_64-mingw32/nios2-elf/lib/mno-hw-mul/fstack-limit-register-et\libm.a(lib_a-s_fabs.o)
 .data          0x00000000000667ec        0x0 c:/intelfpga_lite/16.1/nios2eds/bin/gnu/h-x86_64-mingw32/bin/../lib/gcc/nios2-elf/5.3.0/../../../../../H-x86_64-mingw32/nios2-elf/lib/mno-hw-mul/fstack-limit-register-et\libm.a(lib_a-s_finite.o)
 .data          0x00000000000667ec        0x0 c:/intelfpga_lite/16.1/nios2eds/bin/gnu/h-x86_64-mingw32/bin/../lib/gcc/nios2-elf/5.3.0/../../../../../H-x86_64-mingw32/nios2-elf/lib/mno-hw-mul/fstack-limit-register-et\libm.a(lib_a-s_fpclassify.o)
 .data          0x00000000000667ec        0x0 c:/intelfpga_lite/16.1/nios2eds/bin/gnu/h-x86_64-mingw32/bin/../lib/gcc/nios2-elf/5.3.0/../../../../../H-x86_64-mingw32/nios2-elf/lib/mno-hw-mul/fstack-limit-register-et\libm.a(lib_a-s_lib_ver.o)
 .data          0x00000000000667ec        0x0 c:/intelfpga_lite/16.1/nios2eds/bin/gnu/h-x86_64-mingw32/bin/../lib/gcc/nios2-elf/5.3.0/../../../../../H-x86_64-mingw32/nios2-elf/lib/mno-hw-mul/fstack-limit-register-et\libm.a(lib_a-s_matherr.o)
 .data          0x00000000000667ec        0x0 c:/intelfpga_lite/16.1/nios2eds/bin/gnu/h-x86_64-mingw32/bin/../lib/gcc/nios2-elf/5.3.0/../../../../../H-x86_64-mingw32/nios2-elf/lib/mno-hw-mul/fstack-limit-register-et\libm.a(lib_a-s_nan.o)
 .data          0x00000000000667ec        0x0 c:/intelfpga_lite/16.1/nios2eds/bin/gnu/h-x86_64-mingw32/bin/../lib/gcc/nios2-elf/5.3.0/../../../../../H-x86_64-mingw32/nios2-elf/lib/mno-hw-mul/fstack-limit-register-et\libm.a(lib_a-s_rint.o)
 .data          0x00000000000667ec        0x0 c:/intelfpga_lite/16.1/nios2eds/bin/gnu/h-x86_64-mingw32/bin/../lib/gcc/nios2-elf/5.3.0/../../../../../H-x86_64-mingw32/nios2-elf/lib/mno-hw-mul/fstack-limit-register-et\libm.a(lib_a-s_scalbn.o)
 .data          0x00000000000667ec        0x0 c:/intelfpga_lite/16.1/nios2eds/bin/gnu/h-x86_64-mingw32/bin/../lib/gcc/nios2-elf/5.3.0/../../../../../H-x86_64-mingw32/nios2-elf/lib/mno-hw-mul/fstack-limit-register-et\libm.a(lib_a-s_copysign.o)
 .data          0x00000000000667ec        0x0 c:/intelfpga_lite/16.1/nios2eds/bin/gnu/h-x86_64-mingw32/bin/../lib/gcc/nios2-elf/5.3.0/mno-hw-mul/fstack-limit-register-et\libgcc.a(lib2-divmod.o)
 .data          0x00000000000667ec        0x0 c:/intelfpga_lite/16.1/nios2eds/bin/gnu/h-x86_64-mingw32/bin/../lib/gcc/nios2-elf/5.3.0/mno-hw-mul/fstack-limit-register-et\libgcc.a(lib2-mul.o)
 .data          0x00000000000667ec        0x0 c:/intelfpga_lite/16.1/nios2eds/bin/gnu/h-x86_64-mingw32/bin/../lib/gcc/nios2-elf/5.3.0/mno-hw-mul/fstack-limit-register-et\libgcc.a(eqsf2.o)